###############################################################################
#
# IAR ELF Linker V9.20.1.318/W64 for ARM                  27/Apr/2025  01:46:18
# Copyright 2007-2021 IAR Systems AB.
#
#    Output file  =
#        D:\Xiao_Tian_Ling\coolSrc_rong2\coolSrc\prj\Debug\Exe\DogCollar.out
#    Map file     =
#        D:\Xiao_Tian_Ling\coolSrc_rong2\coolSrc\prj\Debug\List\DogCollar.map
#    Command line =
#        -f
#        D:\Xiao_Tian_Ling\coolSrc_rong2\coolSrc\prj\Debug\Exe\DogCollar.out.rsp
#        (D:\Xiao_Tian_Ling\coolSrc_rong2\coolSrc\prj\Debug\Obj\rt-thread[5.0.1]\components\drivers\misc\adc.o
#        D:\Xiao_Tian_Ling\coolSrc_rong2\coolSrc\prj\Debug\Obj\app\business\adc_thread.o
#        D:\Xiao_Tian_Ling\coolSrc_rong2\coolSrc\prj\Debug\Obj\rt-thread[5.0.1]\components\drivers\rtc\alarm.o
#        D:\Xiao_Tian_Ling\coolSrc_rong2\coolSrc\prj\Debug\Obj\app\hci\common\app_gpio.o
#        D:\Xiao_Tian_Ling\coolSrc_rong2\coolSrc\prj\Debug\Obj\app\hci\common\app_led.o
#        D:\Xiao_Tian_Ling\coolSrc_rong2\coolSrc\prj\Debug\Obj\app\hci\common\app_misc.o
#        D:\Xiao_Tian_Ling\coolSrc_rong2\coolSrc\prj\Debug\Obj\app\hci\common\app_ulog.o
#        D:\Xiao_Tian_Ling\coolSrc_rong2\coolSrc\prj\Debug\Obj\app\at_client\common\at.o
#        D:\Xiao_Tian_Ling\coolSrc_rong2\coolSrc\prj\Debug\Obj\app\at_client\common\at_client.o
#        D:\Xiao_Tian_Ling\coolSrc_rong2\coolSrc\prj\Debug\Obj\rt-thread[5.0.1]\libcpu\arm\atomic_arm.o
#        D:\Xiao_Tian_Ling\coolSrc_rong2\coolSrc\prj\Debug\Obj\app\at_client\bg77\bg77.o
#        D:\Xiao_Tian_Ling\coolSrc_rong2\coolSrc\prj\Debug\Obj\app\at_client\bg77\bg77_cart.o
#        D:\Xiao_Tian_Ling\coolSrc_rong2\coolSrc\prj\Debug\Obj\app\at_client\bg77\bg77_cmd.o
#        D:\Xiao_Tian_Ling\coolSrc_rong2\coolSrc\prj\Debug\Obj\app\at_client\bg77\bg77_file.o
#        D:\Xiao_Tian_Ling\coolSrc_rong2\coolSrc\prj\Debug\Obj\app\at_client\bg77\bg77_ftp.o
#        D:\Xiao_Tian_Ling\coolSrc_rong2\coolSrc\prj\Debug\Obj\app\at_client\bg77\bg77_https.o
#        D:\Xiao_Tian_Ling\coolSrc_rong2\coolSrc\prj\Debug\Obj\app\at_client\bg77\bg77_mqtt.o
#        D:\Xiao_Tian_Ling\coolSrc_rong2\coolSrc\prj\Debug\Obj\app\at_client\bg77\bg77_tcpip.o
#        D:\Xiao_Tian_Ling\coolSrc_rong2\coolSrc\prj\Debug\Obj\bsp\drivers\board.o
#        D:\Xiao_Tian_Ling\coolSrc_rong2\coolSrc\prj\Debug\Obj\app\business\business.o
#        D:\Xiao_Tian_Ling\coolSrc_rong2\coolSrc\prj\Debug\Obj\rt-thread[5.0.1]\components\libc\common\cctype.o
#        D:\Xiao_Tian_Ling\coolSrc_rong2\coolSrc\prj\Debug\Obj\packages\cJSON\cJSON.o
#        D:\Xiao_Tian_Ling\coolSrc_rong2\coolSrc\prj\Debug\Obj\packages\cJSON\cJSON_port.o
#        D:\Xiao_Tian_Ling\coolSrc_rong2\coolSrc\prj\Debug\Obj\packages\cJSON\cJSON_util.o
#        D:\Xiao_Tian_Ling\coolSrc_rong2\coolSrc\prj\Debug\Obj\rt-thread[5.0.1]\src\clock.o
#        D:\Xiao_Tian_Ling\coolSrc_rong2\coolSrc\prj\Debug\Obj\rt-thread[5.0.1]\components\finsh\cmd.o
#        D:\Xiao_Tian_Ling\coolSrc_rong2\coolSrc\prj\Debug\Obj\rt-thread[5.0.1]\components\drivers\ipc\completion.o
#        D:\Xiao_Tian_Ling\coolSrc_rong2\coolSrc\prj\Debug\Obj\rt-thread[5.0.1]\src\components.o
#        D:\Xiao_Tian_Ling\coolSrc_rong2\coolSrc\prj\Debug\Obj\rt-thread[5.0.1]\components\utilities\ulog\backend\console_be.o
#        D:\Xiao_Tian_Ling\coolSrc_rong2\coolSrc\prj\Debug\Obj\rt-thread[5.0.1]\libcpu\arm\context_iar.o
#        D:\Xiao_Tian_Ling\coolSrc_rong2\coolSrc\prj\Debug\Obj\rt-thread[5.0.1]\libcpu\arm\cpuport.o
#        D:\Xiao_Tian_Ling\coolSrc_rong2\coolSrc\prj\Debug\Obj\rt-thread[5.0.1]\components\libc\common\cstdio.o
#        D:\Xiao_Tian_Ling\coolSrc_rong2\coolSrc\prj\Debug\Obj\rt-thread[5.0.1]\components\libc\common\cstdlib.o
#        D:\Xiao_Tian_Ling\coolSrc_rong2\coolSrc\prj\Debug\Obj\rt-thread[5.0.1]\components\libc\common\cstring.o
#        D:\Xiao_Tian_Ling\coolSrc_rong2\coolSrc\prj\Debug\Obj\rt-thread[5.0.1]\components\libc\common\ctime.o
#        D:\Xiao_Tian_Ling\coolSrc_rong2\coolSrc\prj\Debug\Obj\rt-thread[5.0.1]\components\libc\common\cwchar.o
#        D:\Xiao_Tian_Ling\coolSrc_rong2\coolSrc\prj\Debug\Obj\rt-thread[5.0.1]\components\drivers\ipc\dataqueue.o
#        D:\Xiao_Tian_Ling\coolSrc_rong2\coolSrc\prj\Debug\Obj\rt-thread[5.0.1]\components\dfs\filesystems\devfs\devfs.o
#        D:\Xiao_Tian_Ling\coolSrc_rong2\coolSrc\prj\Debug\Obj\rt-thread[5.0.1]\src\device.o
#        D:\Xiao_Tian_Ling\coolSrc_rong2\coolSrc\prj\Debug\Obj\rt-thread[5.0.1]\components\dfs\src\dfs.o
#        D:\Xiao_Tian_Ling\coolSrc_rong2\coolSrc\prj\Debug\Obj\rt-thread[5.0.1]\components\dfs\src\dfs_file.o
#        D:\Xiao_Tian_Ling\coolSrc_rong2\coolSrc\prj\Debug\Obj\rt-thread[5.0.1]\components\dfs\src\dfs_fs.o
#        D:\Xiao_Tian_Ling\coolSrc_rong2\coolSrc\prj\Debug\Obj\rt-thread[5.0.1]\components\dfs\src\dfs_posix.o
#        D:\Xiao_Tian_Ling\coolSrc_rong2\coolSrc\prj\Debug\Obj\rt-thread[5.0.1]\components\dfs\filesystems\uffs\storage\nor\dfs_uffs.o
#        D:\Xiao_Tian_Ling\coolSrc_rong2\coolSrc\prj\Debug\Obj\rt-thread[5.0.1]\libcpu\arm\div0.o
#        D:\Xiao_Tian_Ling\coolSrc_rong2\coolSrc\prj\Debug\Obj\bsp\drivers\drv_adc.o
#        D:\Xiao_Tian_Ling\coolSrc_rong2\coolSrc\prj\Debug\Obj\bsp\drivers\drv_common.o
#        D:\Xiao_Tian_Ling\coolSrc_rong2\coolSrc\prj\Debug\Obj\bsp\drivers\drv_flash_u5.o
#        D:\Xiao_Tian_Ling\coolSrc_rong2\coolSrc\prj\Debug\Obj\bsp\drivers\drv_gpio.o
#        D:\Xiao_Tian_Ling\coolSrc_rong2\coolSrc\prj\Debug\Obj\bsp\drivers\drv_lptim.o
#        D:\Xiao_Tian_Ling\coolSrc_rong2\coolSrc\prj\Debug\Obj\bsp\drivers\drv_pm.o
#        D:\Xiao_Tian_Ling\coolSrc_rong2\coolSrc\prj\Debug\Obj\bsp\drivers\drv_rng.o
#        D:\Xiao_Tian_Ling\coolSrc_rong2\coolSrc\prj\Debug\Obj\bsp\drivers\drv_rtc.o
#        D:\Xiao_Tian_Ling\coolSrc_rong2\coolSrc\prj\Debug\Obj\bsp\drivers\drv_soft_i2c.o
#        D:\Xiao_Tian_Ling\coolSrc_rong2\coolSrc\prj\Debug\Obj\bsp\drivers\drv_usart.o
#        D:\Xiao_Tian_Ling\coolSrc_rong2\coolSrc\prj\Debug\Obj\packages\easyblink-v2.0.1\easyblink.o
#        D:\Xiao_Tian_Ling\coolSrc_rong2\coolSrc\prj\Debug\Obj\rt-thread[5.0.1]\components\libc\dlib\environ.o
#        D:\Xiao_Tian_Ling\coolSrc_rong2\coolSrc\prj\Debug\Obj\app\at_client\esp\esp.o
#        D:\Xiao_Tian_Ling\coolSrc_rong2\coolSrc\prj\Debug\Obj\app\at_client\esp\esp_bt.o
#        D:\Xiao_Tian_Ling\coolSrc_rong2\coolSrc\prj\Debug\Obj\app\oam\service\esp_btser.o
#        D:\Xiao_Tian_Ling\coolSrc_rong2\coolSrc\prj\Debug\Obj\app\oam\service\esp_client.o
#        D:\Xiao_Tian_Ling\coolSrc_rong2\coolSrc\prj\Debug\Obj\app\at_client\esp\esp_cmd.o
#        D:\Xiao_Tian_Ling\coolSrc_rong2\coolSrc\prj\Debug\Obj\app\at_client\esp\esp_https.o
#        D:\Xiao_Tian_Ling\coolSrc_rong2\coolSrc\prj\Debug\Obj\app\at_client\esp\esp_mqtt.o
#        D:\Xiao_Tian_Ling\coolSrc_rong2\coolSrc\prj\Debug\Obj\app\at_client\esp\esp_tcpip.o
#        D:\Xiao_Tian_Ling\coolSrc_rong2\coolSrc\prj\Debug\Obj\rt-thread[5.0.1]\components\drivers\i2c\i2c-bit-ops.o
#        D:\Xiao_Tian_Ling\coolSrc_rong2\coolSrc\prj\Debug\Obj\rt-thread[5.0.1]\components\drivers\i2c\i2c_core.o
#        D:\Xiao_Tian_Ling\coolSrc_rong2\coolSrc\prj\Debug\Obj\rt-thread[5.0.1]\components\drivers\i2c\i2c_dev.o
#        D:\Xiao_Tian_Ling\coolSrc_rong2\coolSrc\prj\Debug\Obj\packages\i2c-tools\i2c_tools.o
#        D:\Xiao_Tian_Ling\coolSrc_rong2\coolSrc\prj\Debug\Obj\packages\i2c-tools\i2c_utils.o
#        D:\Xiao_Tian_Ling\coolSrc_rong2\coolSrc\prj\Debug\Obj\rt-thread[5.0.1]\src\idle.o
#        D:\Xiao_Tian_Ling\coolSrc_rong2\coolSrc\prj\Debug\Obj\rt-thread[5.0.1]\src\ipc.o
#        D:\Xiao_Tian_Ling\coolSrc_rong2\coolSrc\prj\Debug\Obj\rt-thread[5.0.1]\src\irq.o
#        D:\Xiao_Tian_Ling\coolSrc_rong2\coolSrc\prj\Debug\Obj\app\hci\ittes\ittes_main.o
#        D:\Xiao_Tian_Ling\coolSrc_rong2\coolSrc\prj\Debug\Obj\rt-thread[5.0.1]\src\kservice.o
#        D:\Xiao_Tian_Ling\coolSrc_rong2\coolSrc\prj\Debug\Obj\app\oam\lan\lan.o
#        D:\Xiao_Tian_Ling\coolSrc_rong2\coolSrc\prj\Debug\Obj\app\oam\lan\lan_get.o
#        D:\Xiao_Tian_Ling\coolSrc_rong2\coolSrc\prj\Debug\Obj\app\oam\lan\lan_set.o
#        D:\Xiao_Tian_Ling\coolSrc_rong2\coolSrc\prj\Debug\Obj\rt-thread[5.0.1]\components\drivers\pm\lptimer.o
#        D:\Xiao_Tian_Ling\coolSrc_rong2\coolSrc\prj\Debug\Obj\bsp\drivers\LSM6DS3.o
#        D:\Xiao_Tian_Ling\coolSrc_rong2\coolSrc\prj\Debug\Obj\app\main.o
#        D:\Xiao_Tian_Ling\coolSrc_rong2\coolSrc\prj\Debug\Obj\rt-thread[5.0.1]\src\mem.o
#        D:\Xiao_Tian_Ling\coolSrc_rong2\coolSrc\prj\Debug\Obj\rt-thread[5.0.1]\src\mempool.o
#        D:\Xiao_Tian_Ling\coolSrc_rong2\coolSrc\prj\Debug\Obj\rt-thread[5.0.1]\components\finsh\msh.o
#        D:\Xiao_Tian_Ling\coolSrc_rong2\coolSrc\prj\Debug\Obj\app\hci\msh\msh_bg77.o
#        D:\Xiao_Tian_Ling\coolSrc_rong2\coolSrc\prj\Debug\Obj\app\hci\msh\msh_board.o
#        D:\Xiao_Tian_Ling\coolSrc_rong2\coolSrc\prj\Debug\Obj\app\hci\msh\msh_config.o
#        D:\Xiao_Tian_Ling\coolSrc_rong2\coolSrc\prj\Debug\Obj\app\hci\msh\msh_debug.o
#        D:\Xiao_Tian_Ling\coolSrc_rong2\coolSrc\prj\Debug\Obj\app\hci\msh\msh_esp32.o
#        D:\Xiao_Tian_Ling\coolSrc_rong2\coolSrc\prj\Debug\Obj\rt-thread[5.0.1]\components\finsh\msh_file.o
#        D:\Xiao_Tian_Ling\coolSrc_rong2\coolSrc\prj\Debug\Obj\app\hci\msh\msh_lan.o
#        D:\Xiao_Tian_Ling\coolSrc_rong2\coolSrc\prj\Debug\Obj\app\hci\msh\msh_led.o
#        D:\Xiao_Tian_Ling\coolSrc_rong2\coolSrc\prj\Debug\Obj\rt-thread[5.0.1]\components\finsh\msh_parse.o
#        D:\Xiao_Tian_Ling\coolSrc_rong2\coolSrc\prj\Debug\Obj\app\hci\msh\msh_pm.o
#        D:\Xiao_Tian_Ling\coolSrc_rong2\coolSrc\prj\Debug\Obj\app\hci\msh\msh_show.o
#        D:\Xiao_Tian_Ling\coolSrc_rong2\coolSrc\prj\Debug\Obj\app\hci\msh\msh_smart.o
#        D:\Xiao_Tian_Ling\coolSrc_rong2\coolSrc\prj\Debug\Obj\app\hci\msh\msh_system.o
#        D:\Xiao_Tian_Ling\coolSrc_rong2\coolSrc\prj\Debug\Obj\bsp\drivers\mx25uxx.o
#        D:\Xiao_Tian_Ling\coolSrc_rong2\coolSrc\prj\Debug\Obj\app\oam\oam_port.o
#        D:\Xiao_Tian_Ling\coolSrc_rong2\coolSrc\prj\Debug\Obj\app\oam\oam_thread.o
#        D:\Xiao_Tian_Ling\coolSrc_rong2\coolSrc\prj\Debug\Obj\rt-thread[5.0.1]\src\object.o
#        D:\Xiao_Tian_Ling\coolSrc_rong2\coolSrc\prj\Debug\Obj\app\system\ota.o
#        D:\Xiao_Tian_Ling\coolSrc_rong2\coolSrc\prj\Debug\Obj\rt-thread[5.0.1]\components\drivers\misc\pin.o
#        D:\Xiao_Tian_Ling\coolSrc_rong2\coolSrc\prj\Debug\Obj\rt-thread[5.0.1]\components\drivers\ipc\pipe.o
#        D:\Xiao_Tian_Ling\coolSrc_rong2\coolSrc\prj\Debug\Obj\app\system\pit.o
#        D:\Xiao_Tian_Ling\coolSrc_rong2\coolSrc\prj\Debug\Obj\rt-thread[5.0.1]\components\drivers\pm\pm.o
#        D:\Xiao_Tian_Ling\coolSrc_rong2\coolSrc\prj\Debug\Obj\app\system\PPItems.o
#        D:\Xiao_Tian_Ling\coolSrc_rong2\coolSrc\prj\Debug\Obj\packages\quick_led-latest\qled.o
#        D:\Xiao_Tian_Ling\coolSrc_rong2\coolSrc\prj\Debug\Obj\packages\quick_led-latest\qled_sample.o
#        D:\Xiao_Tian_Ling\coolSrc_rong2\coolSrc\prj\Debug\Obj\app\oam\service\quectel_client.o
#        D:\Xiao_Tian_Ling\coolSrc_rong2\coolSrc\prj\Debug\Obj\app\public\Queue16.o
#        D:\Xiao_Tian_Ling\coolSrc_rong2\coolSrc\prj\Debug\Obj\app\public\Queue32.o
#        D:\Xiao_Tian_Ling\coolSrc_rong2\coolSrc\prj\Debug\Obj\app\system\reg_edit.o
#        D:\Xiao_Tian_Ling\coolSrc_rong2\coolSrc\prj\Debug\Obj\rt-thread[5.0.1]\components\drivers\ipc\ringblk_buf.o
#        D:\Xiao_Tian_Ling\coolSrc_rong2\coolSrc\prj\Debug\Obj\rt-thread[5.0.1]\components\drivers\ipc\ringbuffer.o
#        D:\Xiao_Tian_Ling\coolSrc_rong2\coolSrc\prj\Debug\Obj\app\public\rt_utils_tlv.o
#        D:\Xiao_Tian_Ling\coolSrc_rong2\coolSrc\prj\Debug\Obj\rt-thread[5.0.1]\components\drivers\rtc\rtc.o
#        D:\Xiao_Tian_Ling\coolSrc_rong2\coolSrc\prj\Debug\Obj\rt-thread[5.0.1]\components\utilities\ymodem\ry_sy.o
#        D:\Xiao_Tian_Ling\coolSrc_rong2\coolSrc\prj\Debug\Obj\rt-thread[5.0.1]\src\scheduler_up.o
#        D:\Xiao_Tian_Ling\coolSrc_rong2\coolSrc\prj\Debug\Obj\rt-thread[5.0.1]\components\drivers\serial\serial.o
#        D:\Xiao_Tian_Ling\coolSrc_rong2\coolSrc\prj\Debug\Obj\rt-thread[5.0.1]\components\finsh\shell.o
#        D:\Xiao_Tian_Ling\coolSrc_rong2\coolSrc\prj\Debug\Obj\rt-thread[5.0.1]\libcpu\arm\showmem.o
#        D:\Xiao_Tian_Ling\coolSrc_rong2\coolSrc\prj\Debug\Obj\app\oam\smart\smart_analy.o
#        D:\Xiao_Tian_Ling\coolSrc_rong2\coolSrc\prj\Debug\Obj\app\oam\smart\smart_devget.o
#        D:\Xiao_Tian_Ling\coolSrc_rong2\coolSrc\prj\Debug\Obj\app\oam\smart\smart_devset.o
#        D:\Xiao_Tian_Ling\coolSrc_rong2\coolSrc\prj\Debug\Obj\app\oam\smart\smart_port.o
#        D:\Xiao_Tian_Ling\coolSrc_rong2\coolSrc\prj\Debug\Obj\bsp\libraries\CMSIS\startup_stm32u575xx.o
#        D:\Xiao_Tian_Ling\coolSrc_rong2\coolSrc\prj\Debug\Obj\bsp\libraries\STM32U5xx_HAL_Driver\src\stm32u5xx_hal.o
#        D:\Xiao_Tian_Ling\coolSrc_rong2\coolSrc\prj\Debug\Obj\bsp\libraries\STM32U5xx_HAL_Driver\src\stm32u5xx_hal_adc.o
#        D:\Xiao_Tian_Ling\coolSrc_rong2\coolSrc\prj\Debug\Obj\bsp\libraries\STM32U5xx_HAL_Driver\src\stm32u5xx_hal_adc_ex.o
#        D:\Xiao_Tian_Ling\coolSrc_rong2\coolSrc\prj\Debug\Obj\bsp\libraries\STM32U5xx_HAL_Driver\src\stm32u5xx_hal_comp.o
#        D:\Xiao_Tian_Ling\coolSrc_rong2\coolSrc\prj\Debug\Obj\bsp\libraries\STM32U5xx_HAL_Driver\src\stm32u5xx_hal_cordic.o
#        D:\Xiao_Tian_Ling\coolSrc_rong2\coolSrc\prj\Debug\Obj\bsp\libraries\STM32U5xx_HAL_Driver\src\stm32u5xx_hal_cortex.o
#        D:\Xiao_Tian_Ling\coolSrc_rong2\coolSrc\prj\Debug\Obj\bsp\libraries\STM32U5xx_HAL_Driver\src\stm32u5xx_hal_crc.o
#        D:\Xiao_Tian_Ling\coolSrc_rong2\coolSrc\prj\Debug\Obj\bsp\libraries\STM32U5xx_HAL_Driver\src\stm32u5xx_hal_crc_ex.o
#        D:\Xiao_Tian_Ling\coolSrc_rong2\coolSrc\prj\Debug\Obj\bsp\libraries\STM32U5xx_HAL_Driver\src\stm32u5xx_hal_cryp.o
#        D:\Xiao_Tian_Ling\coolSrc_rong2\coolSrc\prj\Debug\Obj\bsp\libraries\STM32U5xx_HAL_Driver\src\stm32u5xx_hal_cryp_ex.o
#        D:\Xiao_Tian_Ling\coolSrc_rong2\coolSrc\prj\Debug\Obj\bsp\libraries\STM32U5xx_HAL_Driver\src\stm32u5xx_hal_dac.o
#        D:\Xiao_Tian_Ling\coolSrc_rong2\coolSrc\prj\Debug\Obj\bsp\libraries\STM32U5xx_HAL_Driver\src\stm32u5xx_hal_dac_ex.o
#        D:\Xiao_Tian_Ling\coolSrc_rong2\coolSrc\prj\Debug\Obj\bsp\libraries\STM32U5xx_HAL_Driver\src\stm32u5xx_hal_dcache.o
#        D:\Xiao_Tian_Ling\coolSrc_rong2\coolSrc\prj\Debug\Obj\bsp\libraries\STM32U5xx_HAL_Driver\src\stm32u5xx_hal_dma.o
#        D:\Xiao_Tian_Ling\coolSrc_rong2\coolSrc\prj\Debug\Obj\bsp\libraries\STM32U5xx_HAL_Driver\src\stm32u5xx_hal_dma2d.o
#        D:\Xiao_Tian_Ling\coolSrc_rong2\coolSrc\prj\Debug\Obj\bsp\libraries\STM32U5xx_HAL_Driver\src\stm32u5xx_hal_dma_ex.o
#        D:\Xiao_Tian_Ling\coolSrc_rong2\coolSrc\prj\Debug\Obj\bsp\libraries\STM32U5xx_HAL_Driver\src\stm32u5xx_hal_exti.o
#        D:\Xiao_Tian_Ling\coolSrc_rong2\coolSrc\prj\Debug\Obj\bsp\libraries\STM32U5xx_HAL_Driver\src\stm32u5xx_hal_flash.o
#        D:\Xiao_Tian_Ling\coolSrc_rong2\coolSrc\prj\Debug\Obj\bsp\libraries\STM32U5xx_HAL_Driver\src\stm32u5xx_hal_flash_ex.o
#        D:\Xiao_Tian_Ling\coolSrc_rong2\coolSrc\prj\Debug\Obj\bsp\libraries\STM32U5xx_HAL_Driver\src\stm32u5xx_hal_gpio.o
#        D:\Xiao_Tian_Ling\coolSrc_rong2\coolSrc\prj\Debug\Obj\bsp\libraries\STM32U5xx_HAL_Driver\src\stm32u5xx_hal_gpu2d.o
#        D:\Xiao_Tian_Ling\coolSrc_rong2\coolSrc\prj\Debug\Obj\bsp\libraries\STM32U5xx_HAL_Driver\src\stm32u5xx_hal_gtzc.o
#        D:\Xiao_Tian_Ling\coolSrc_rong2\coolSrc\prj\Debug\Obj\bsp\libraries\STM32U5xx_HAL_Driver\src\stm32u5xx_hal_hash.o
#        D:\Xiao_Tian_Ling\coolSrc_rong2\coolSrc\prj\Debug\Obj\bsp\libraries\STM32U5xx_HAL_Driver\src\stm32u5xx_hal_hash_ex.o
#        D:\Xiao_Tian_Ling\coolSrc_rong2\coolSrc\prj\Debug\Obj\bsp\libraries\STM32U5xx_HAL_Driver\src\stm32u5xx_hal_hcd.o
#        D:\Xiao_Tian_Ling\coolSrc_rong2\coolSrc\prj\Debug\Obj\bsp\libraries\STM32U5xx_HAL_Driver\src\stm32u5xx_hal_i2c.o
#        D:\Xiao_Tian_Ling\coolSrc_rong2\coolSrc\prj\Debug\Obj\bsp\libraries\STM32U5xx_HAL_Driver\src\stm32u5xx_hal_i2c_ex.o
#        D:\Xiao_Tian_Ling\coolSrc_rong2\coolSrc\prj\Debug\Obj\bsp\libraries\STM32U5xx_HAL_Driver\src\stm32u5xx_hal_icache.o
#        D:\Xiao_Tian_Ling\coolSrc_rong2\coolSrc\prj\Debug\Obj\bsp\libraries\STM32U5xx_HAL_Driver\src\stm32u5xx_hal_iwdg.o
#        D:\Xiao_Tian_Ling\coolSrc_rong2\coolSrc\prj\Debug\Obj\bsp\libraries\STM32U5xx_HAL_Driver\src\stm32u5xx_hal_lptim.o
#        D:\Xiao_Tian_Ling\coolSrc_rong2\coolSrc\prj\Debug\Obj\bsp\libraries\STM32U5xx_HAL_Driver\src\stm32u5xx_hal_mdf.o
#        D:\Xiao_Tian_Ling\coolSrc_rong2\coolSrc\prj\Debug\Obj\bsp\drivers\stm32u5xx_hal_msp.o
#        D:\Xiao_Tian_Ling\coolSrc_rong2\coolSrc\prj\Debug\Obj\bsp\libraries\STM32U5xx_HAL_Driver\src\stm32u5xx_hal_opamp.o
#        D:\Xiao_Tian_Ling\coolSrc_rong2\coolSrc\prj\Debug\Obj\bsp\libraries\STM32U5xx_HAL_Driver\src\stm32u5xx_hal_opamp_ex.o
#        D:\Xiao_Tian_Ling\coolSrc_rong2\coolSrc\prj\Debug\Obj\bsp\libraries\STM32U5xx_HAL_Driver\src\stm32u5xx_hal_ospi.o
#        D:\Xiao_Tian_Ling\coolSrc_rong2\coolSrc\prj\Debug\Obj\bsp\libraries\STM32U5xx_HAL_Driver\src\stm32u5xx_hal_pwr.o
#        D:\Xiao_Tian_Ling\coolSrc_rong2\coolSrc\prj\Debug\Obj\bsp\libraries\STM32U5xx_HAL_Driver\src\stm32u5xx_hal_pwr_ex.o
#        D:\Xiao_Tian_Ling\coolSrc_rong2\coolSrc\prj\Debug\Obj\bsp\libraries\STM32U5xx_HAL_Driver\src\stm32u5xx_hal_rcc.o
#        D:\Xiao_Tian_Ling\coolSrc_rong2\coolSrc\prj\Debug\Obj\bsp\libraries\STM32U5xx_HAL_Driver\src\stm32u5xx_hal_rcc_ex.o
#        D:\Xiao_Tian_Ling\coolSrc_rong2\coolSrc\prj\Debug\Obj\bsp\libraries\STM32U5xx_HAL_Driver\src\stm32u5xx_hal_rng.o
#        D:\Xiao_Tian_Ling\coolSrc_rong2\coolSrc\prj\Debug\Obj\bsp\libraries\STM32U5xx_HAL_Driver\src\stm32u5xx_hal_rng_ex.o
#        D:\Xiao_Tian_Ling\coolSrc_rong2\coolSrc\prj\Debug\Obj\bsp\libraries\STM32U5xx_HAL_Driver\src\stm32u5xx_hal_rtc.o
#        D:\Xiao_Tian_Ling\coolSrc_rong2\coolSrc\prj\Debug\Obj\bsp\libraries\STM32U5xx_HAL_Driver\src\stm32u5xx_hal_rtc_ex.o
#        D:\Xiao_Tian_Ling\coolSrc_rong2\coolSrc\prj\Debug\Obj\bsp\libraries\STM32U5xx_HAL_Driver\src\stm32u5xx_hal_spi.o
#        D:\Xiao_Tian_Ling\coolSrc_rong2\coolSrc\prj\Debug\Obj\bsp\libraries\STM32U5xx_HAL_Driver\src\stm32u5xx_hal_spi_ex.o
#        D:\Xiao_Tian_Ling\coolSrc_rong2\coolSrc\prj\Debug\Obj\bsp\libraries\STM32U5xx_HAL_Driver\src\stm32u5xx_hal_sram.o
#        D:\Xiao_Tian_Ling\coolSrc_rong2\coolSrc\prj\Debug\Obj\bsp\libraries\STM32U5xx_HAL_Driver\src\stm32u5xx_hal_tim.o
#        D:\Xiao_Tian_Ling\coolSrc_rong2\coolSrc\prj\Debug\Obj\bsp\libraries\STM32U5xx_HAL_Driver\src\stm32u5xx_hal_tim_ex.o
#        D:\Xiao_Tian_Ling\coolSrc_rong2\coolSrc\prj\Debug\Obj\bsp\libraries\STM32U5xx_HAL_Driver\src\stm32u5xx_hal_tsc.o
#        D:\Xiao_Tian_Ling\coolSrc_rong2\coolSrc\prj\Debug\Obj\bsp\libraries\STM32U5xx_HAL_Driver\src\stm32u5xx_hal_uart.o
#        D:\Xiao_Tian_Ling\coolSrc_rong2\coolSrc\prj\Debug\Obj\bsp\libraries\STM32U5xx_HAL_Driver\src\stm32u5xx_hal_uart_ex.o
#        D:\Xiao_Tian_Ling\coolSrc_rong2\coolSrc\prj\Debug\Obj\bsp\libraries\STM32U5xx_HAL_Driver\src\stm32u5xx_hal_usart.o
#        D:\Xiao_Tian_Ling\coolSrc_rong2\coolSrc\prj\Debug\Obj\bsp\libraries\STM32U5xx_HAL_Driver\src\stm32u5xx_hal_usart_ex.o
#        D:\Xiao_Tian_Ling\coolSrc_rong2\coolSrc\prj\Debug\Obj\bsp\libraries\STM32U5xx_HAL_Driver\src\stm32u5xx_hal_wwdg.o
#        D:\Xiao_Tian_Ling\coolSrc_rong2\coolSrc\prj\Debug\Obj\rt-thread[5.0.1]\components\libc\dlib\syscall_close.o
#        D:\Xiao_Tian_Ling\coolSrc_rong2\coolSrc\prj\Debug\Obj\rt-thread[5.0.1]\libcpu\arm\syscall_iar.o
#        D:\Xiao_Tian_Ling\coolSrc_rong2\coolSrc\prj\Debug\Obj\rt-thread[5.0.1]\components\libc\dlib\syscall_lseek.o
#        D:\Xiao_Tian_Ling\coolSrc_rong2\coolSrc\prj\Debug\Obj\rt-thread[5.0.1]\components\libc\dlib\syscall_mem.o
#        D:\Xiao_Tian_Ling\coolSrc_rong2\coolSrc\prj\Debug\Obj\rt-thread[5.0.1]\components\libc\dlib\syscall_open.o
#        D:\Xiao_Tian_Ling\coolSrc_rong2\coolSrc\prj\Debug\Obj\rt-thread[5.0.1]\components\libc\dlib\syscall_read.o
#        D:\Xiao_Tian_Ling\coolSrc_rong2\coolSrc\prj\Debug\Obj\rt-thread[5.0.1]\components\libc\dlib\syscall_remove.o
#        D:\Xiao_Tian_Ling\coolSrc_rong2\coolSrc\prj\Debug\Obj\rt-thread[5.0.1]\components\libc\dlib\syscall_write.o
#        D:\Xiao_Tian_Ling\coolSrc_rong2\coolSrc\prj\Debug\Obj\rt-thread[5.0.1]\components\libc\dlib\syscalls.o
#        D:\Xiao_Tian_Ling\coolSrc_rong2\coolSrc\prj\Debug\Obj\rt-thread[5.0.1]\components\utilities\ulog\syslog.o
#        D:\Xiao_Tian_Ling\coolSrc_rong2\coolSrc\prj\Debug\Obj\bsp\libraries\CMSIS\system_stm32u5xx.o
#        D:\Xiao_Tian_Ling\coolSrc_rong2\coolSrc\prj\Debug\Obj\packages\syswatch\src\syswatch.o
#        D:\Xiao_Tian_Ling\coolSrc_rong2\coolSrc\prj\Debug\Obj\app\public\task_timer.o
#        D:\Xiao_Tian_Ling\coolSrc_rong2\coolSrc\prj\Debug\Obj\rt-thread[5.0.1]\src\thread.o
#        D:\Xiao_Tian_Ling\coolSrc_rong2\coolSrc\prj\Debug\Obj\rt-thread[5.0.1]\src\timer.o
#        D:\Xiao_Tian_Ling\coolSrc_rong2\coolSrc\prj\Debug\Obj\rt-thread[5.0.1]\libcpu\arm\trustzone.o
#        D:\Xiao_Tian_Ling\coolSrc_rong2\coolSrc\prj\Debug\Obj\app\system\uesim.o
#        D:\Xiao_Tian_Ling\coolSrc_rong2\coolSrc\prj\Debug\Obj\rt-thread[5.0.1]\components\dfs\filesystems\uffs\src\uffs\uffs_badblock.o
#        D:\Xiao_Tian_Ling\coolSrc_rong2\coolSrc\prj\Debug\Obj\rt-thread[5.0.1]\components\dfs\filesystems\uffs\src\uffs\uffs_blockinfo.o
#        D:\Xiao_Tian_Ling\coolSrc_rong2\coolSrc\prj\Debug\Obj\rt-thread[5.0.1]\components\dfs\filesystems\uffs\src\uffs\uffs_buf.o
#        D:\Xiao_Tian_Ling\coolSrc_rong2\coolSrc\prj\Debug\Obj\rt-thread[5.0.1]\components\dfs\filesystems\uffs\src\uffs\uffs_crc.o
#        D:\Xiao_Tian_Ling\coolSrc_rong2\coolSrc\prj\Debug\Obj\rt-thread[5.0.1]\components\dfs\filesystems\uffs\src\uffs\uffs_debug.o
#        D:\Xiao_Tian_Ling\coolSrc_rong2\coolSrc\prj\Debug\Obj\rt-thread[5.0.1]\components\dfs\filesystems\uffs\src\uffs\uffs_device.o
#        D:\Xiao_Tian_Ling\coolSrc_rong2\coolSrc\prj\Debug\Obj\rt-thread[5.0.1]\components\dfs\filesystems\uffs\src\uffs\uffs_ecc.o
#        D:\Xiao_Tian_Ling\coolSrc_rong2\coolSrc\prj\Debug\Obj\rt-thread[5.0.1]\components\dfs\filesystems\uffs\src\uffs\uffs_fd.o
#        D:\Xiao_Tian_Ling\coolSrc_rong2\coolSrc\prj\Debug\Obj\rt-thread[5.0.1]\components\dfs\filesystems\uffs\src\uffs\uffs_find.o
#        D:\Xiao_Tian_Ling\coolSrc_rong2\coolSrc\prj\Debug\Obj\rt-thread[5.0.1]\components\dfs\filesystems\uffs\src\uffs\uffs_flash.o
#        D:\Xiao_Tian_Ling\coolSrc_rong2\coolSrc\prj\Debug\Obj\rt-thread[5.0.1]\components\dfs\filesystems\uffs\storage\nor\uffs_flashif.o
#        D:\Xiao_Tian_Ling\coolSrc_rong2\coolSrc\prj\Debug\Obj\rt-thread[5.0.1]\components\dfs\filesystems\uffs\src\uffs\uffs_fs.o
#        D:\Xiao_Tian_Ling\coolSrc_rong2\coolSrc\prj\Debug\Obj\rt-thread[5.0.1]\components\dfs\filesystems\uffs\src\uffs\uffs_init.o
#        D:\Xiao_Tian_Ling\coolSrc_rong2\coolSrc\prj\Debug\Obj\rt-thread[5.0.1]\components\dfs\filesystems\uffs\src\uffs\uffs_mem.o
#        D:\Xiao_Tian_Ling\coolSrc_rong2\coolSrc\prj\Debug\Obj\rt-thread[5.0.1]\components\dfs\filesystems\uffs\src\uffs\uffs_mtb.o
#        D:\Xiao_Tian_Ling\coolSrc_rong2\coolSrc\prj\Debug\Obj\rt-thread[5.0.1]\components\dfs\filesystems\uffs\src\uffs\uffs_pool.o
#        D:\Xiao_Tian_Ling\coolSrc_rong2\coolSrc\prj\Debug\Obj\rt-thread[5.0.1]\components\dfs\filesystems\uffs\src\uffs\uffs_public.o
#        D:\Xiao_Tian_Ling\coolSrc_rong2\coolSrc\prj\Debug\Obj\rt-thread[5.0.1]\components\dfs\filesystems\uffs\storage\uffs_rtthread.o
#        D:\Xiao_Tian_Ling\coolSrc_rong2\coolSrc\prj\Debug\Obj\rt-thread[5.0.1]\components\dfs\filesystems\uffs\src\uffs\uffs_tree.o
#        D:\Xiao_Tian_Ling\coolSrc_rong2\coolSrc\prj\Debug\Obj\rt-thread[5.0.1]\components\dfs\filesystems\uffs\src\uffs\uffs_utils.o
#        D:\Xiao_Tian_Ling\coolSrc_rong2\coolSrc\prj\Debug\Obj\rt-thread[5.0.1]\components\dfs\filesystems\uffs\src\uffs\uffs_version.o
#        D:\Xiao_Tian_Ling\coolSrc_rong2\coolSrc\prj\Debug\Obj\rt-thread[5.0.1]\components\utilities\ulog\ulog.o
#        D:\Xiao_Tian_Ling\coolSrc_rong2\coolSrc\prj\Debug\Obj\app\system\upgrade.o
#        D:\Xiao_Tian_Ling\coolSrc_rong2\coolSrc\prj\Debug\Obj\app\public\ustrcrc.o
#        D:\Xiao_Tian_Ling\coolSrc_rong2\coolSrc\prj\Debug\Obj\app\public\ustring.o
#        D:\Xiao_Tian_Ling\coolSrc_rong2\coolSrc\prj\Debug\Obj\app\public\ustrmath.o
#        D:\Xiao_Tian_Ling\coolSrc_rong2\coolSrc\prj\Debug\Obj\rt-thread[5.0.1]\components\utilities\utest\utest.o
#        D:\Xiao_Tian_Ling\coolSrc_rong2\coolSrc\prj\Debug\Obj\app\hci\utest\utext_adc.o
#        D:\Xiao_Tian_Ling\coolSrc_rong2\coolSrc\prj\Debug\Obj\app\hci\utest\utext_bg77.o
#        D:\Xiao_Tian_Ling\coolSrc_rong2\coolSrc\prj\Debug\Obj\app\hci\utest\utext_ble.o
#        D:\Xiao_Tian_Ling\coolSrc_rong2\coolSrc\prj\Debug\Obj\app\hci\utest\utext_flash.o
#        D:\Xiao_Tian_Ling\coolSrc_rong2\coolSrc\prj\Debug\Obj\app\hci\utest\utext_led.o
#        D:\Xiao_Tian_Ling\coolSrc_rong2\coolSrc\prj\Debug\Obj\app\hci\utest\utext_lsm6d.o
#        D:\Xiao_Tian_Ling\coolSrc_rong2\coolSrc\prj\Debug\Obj\app\hci\utest\utext_wifi.o
#        D:\Xiao_Tian_Ling\coolSrc_rong2\coolSrc\prj\Debug\Obj\rt-thread[5.0.1]\components\drivers\ipc\waitqueue.o
#        D:\Xiao_Tian_Ling\coolSrc_rong2\coolSrc\prj\Debug\Obj\rt-thread[5.0.1]\components\drivers\ipc\workqueue.o
#        D:\Xiao_Tian_Ling\coolSrc_rong2\coolSrc\prj\Debug\Obj\rt-thread[5.0.1]\components\utilities\ymodem\ymodem.o
#        --no_out_extension -o
#        D:\Xiao_Tian_Ling\coolSrc_rong2\coolSrc\prj\Debug\Exe\DogCollar.out
#        --map
#        D:\Xiao_Tian_Ling\coolSrc_rong2\coolSrc\prj\Debug\List\DogCollar.map
#        --config
#        D:\Xiao_Tian_Ling\coolSrc_rong2\coolSrc\prj\..\bsp\ld\stm32u575xx_flash.icf
#        --semihosting --entry __iar_program_start --vfe --text_out locale)
#
###############################################################################

*******************************************************************************
*** RUNTIME MODEL ATTRIBUTES
***

CppFlavor       = *
__CPP_Runtime   = 1
__SystemLibrary = DLib
__dlib_version  = 6


*******************************************************************************
*** HEAP SELECTION
***

The basic heap was selected because no calls to memory allocation
functions were found in the application outside of system library
functions, and there are calls to deallocation functions in the
application.


*******************************************************************************
*** PLACEMENT SUMMARY
***

"A0":  place at address 0x802'0200 { ro section .intvec };
"P1":  place in [from 0x802'0200 to 0x81f'ffff] { ro };
define block CSTACK with size = 1K, alignment = 8 { };
define block HEAP with size = 512, alignment = 8 { };
"P2":  place in [from 0x2000'0000 to 0x200b'ffff] {
          rw, block CSTACK, block HEAP };
initialize by copy { rw };

  Section            Kind         Address      Size  Object
  -------            ----         -------      ----  ------
"A0":                                         0x238
  .intvec            ro code   0x802'0200     0x238  startup_stm32u575xx.o [17]
                             - 0x802'0438     0x238

"P1":                                      0x3'f71a
  .text              ro code   0x802'0438    0x1c2c  stm32u5xx_hal_rcc_ex.o [18]
  .text              ro code   0x802'2064     0x120  drv_common.o [16]
  .text              ro code   0x802'2184    0x1084  stm32u5xx_hal_rcc.o [18]
  .text              ro code   0x802'3208     0x1c8  stm32u5xx_hal_cortex.o [18]
  .text              ro code   0x802'33d0      0x2c  irq.o [43]
  .text              ro code   0x802'33fc      0xac  clock.o [43]
  .text              ro code   0x802'34a8      0x2c  irq.o [43]
  .text              ro code   0x802'34d4     0x9f4  ulog.o [38]
  .text              ro code   0x802'3ec8     0x1a4  stm32u5xx_hal_pwr_ex.o [18]
  .text              ro code   0x802'406c     0x1a8  context_iar.o [42]
  .text              ro code   0x802'4214     0x7fc  thread.o [43]
  .text              ro code   0x802'4a10     0x394  scheduler_up.o [43]
  .text              ro code   0x802'4da4     0x6a0  timer.o [43]
  .text              ro code   0x802'5444     0x5dc  kservice.o [43]
  .text              ro code   0x802'5a20      0x18  irq.o [43]
  .text              ro code   0x802'5a38    0x15b8  ipc.o [43]
  .text              ro code   0x802'6ff0      0x44  console_be.o [39]
  .text              ro code   0x802'7034      0x4c  kservice.o [43]
  .text              ro code   0x802'7080      0xbc  ulog.o [38]
  .text              ro code   0x802'713c     0x198  ulog.o [38]
  .text              ro code   0x802'72d4      0x30  kservice.o [43]
  .text              ro code   0x802'7304      0x38  kservice.o [43]
  .text              ro code   0x802'733c      0x68  kservice.o [43]
  .text              ro code   0x802'73a4     0x152  iar_Stoulx.o [44]
  .text              ro code   0x802'74f6      0x1e  xsscin.o [44]
  .text              ro code   0x802'7514      0xa6  ABImemcpy.o [46]
  .text              ro code   0x802'75ba      0x1a  xsnprout.o [44]
  .text              ro code   0x802'75d4      0x78  trustzone.o [42]
  .text              ro code   0x802'764c     0x37c  cpuport.o [42]
  .text              ro code   0x802'79c8     0x130  idle.o [43]
  .text              ro code   0x802'7af8     0x2f8  object.o [43]
  .text              ro code   0x802'7df0       0x4  irq.o [43]
  .text              ro code   0x802'7df4      0x6a  kservice.o [43]
  .text              ro code   0x802'7e5e      0x14  memset.o [46]
  .text              ro code   0x802'7e72       0xa  xsprout.o [44]
  .text              ro code   0x802'7e7c     0x340  kservice.o [43]
  .text              ro code   0x802'81bc     0x2c4  device.o [43]
  .text              ro code   0x802'8480       0x2  kservice.o [43]
  .rodata            const     0x802'8482       0x2  alarm.o [33]
  .text              ro code   0x802'8484      0x3c  vsnprint.o [44]
  .text              ro code   0x802'84c0     0x154  ulog.o [38]
  .text              ro code   0x802'8614      0x98  ulog.o [38]
  .text              ro code   0x802'86ac     0x510  mem.o [43]
  .text              ro code   0x802'8bbc      0x14  isspace.o [44]
  .text              ro code   0x802'8bd0      0x14  tolower.o [44]
  .text              ro code   0x802'8be4      0x58  memchr.o [46]
  .text              ro code   0x802'8c3c     0xafc  cmd.o [35]
  .text              ro code   0x802'9738      0x10  cpuport.o [42]
  .text              ro code   0x802'9748     0xb6c  pm.o [32]
  .text              ro code   0x802'a2b4      0x66  ABImemset.o [46]
  .rodata            const     0x802'a31a       0x2  alarm.o [33]
  .text              ro code   0x802'a31c     0xf2e  xprintffull_nomb.o [44]
  .rodata            const     0x802'b24a       0x2  alarm.o [33]
  .text              ro code   0x802'b24c      0x4c  xlocale_c.o [44]
  .text              ro code   0x802'b298      0x12  strcmp.o [46]
  .rodata            const     0x802'b2aa       0x2  alarm.o [33]
  .text              ro code   0x802'b2ac     0x604  dfs.o [28]
  .text              ro code   0x802'b8b0       0x8  pm.o [32]
  .text              ro code   0x802'b8b8       0x8  pm.o [32]
  .text              ro code   0x802'b8c0      0x22  pm.o [32]
  .rodata            const     0x802'b8e2       0x2  alarm.o [33]
  .text              ro code   0x802'b8e4      0x70  pm.o [32]
  .text              ro code   0x802'b954      0x16  strchr.o [46]
  .rodata            const     0x802'b96a       0x2  alarm.o [33]
  .text              ro code   0x802'b96c      0x40  xfail_s.o [44]
  .text              ro code   0x802'b9ac      0x36  strlen.o [46]
  .rodata            const     0x802'b9e2       0x2  alarm.o [33]
  .text              ro code   0x802'b9e4      0x70  frexp.o [45]
  .text              ro code   0x802'ba54      0x34  DblCmpLe.o [45]
  .text              ro code   0x802'ba88      0x34  DblCmpGe.o [45]
  .text              ro code   0x802'babc     0x13a  ldexp.o [45]
  .rodata            const     0x802'bbf6       0x2  alarm.o [33]
  .text              ro code   0x802'bbf8      0x36  DblToS32.o [45]
  .rodata            const     0x802'bc2e       0x2  PPItems.o [15]
  .text              ro code   0x802'bc30      0x22  S32ToDbl.o [45]
  .rodata            const     0x802'bc52       0x2  PPItems.o [15]
  .text              ro code   0x802'bc54     0x25e  DblAddSub.o [45]
  .rodata            const     0x802'beb2       0x2  PPItems.o [15]
  .text              ro code   0x802'beb4     0x246  DblDiv.o [45]
  .rodata            const     0x802'c0fa       0x2  xlocale_c.o [44]
  .text              ro code   0x802'c0fc      0x22  DblToU32.o [45]
  .rodata            const     0x802'c11e       0x2  xlocale_c.o [44]
  .text              ro code   0x802'c120      0x1c  U32ToDbl.o [45]
  .text              ro code   0x802'c13c     0x1aa  DblMul.o [45]
  .rodata            const     0x802'c2e6       0x1  mx25uxx.o [16]
  .rodata            const     0x802'c2e7       0x1  mx25uxx.o [16]
  .text              ro code   0x802'c2e8     0x274  I64DivMod.o [46]
  .text              ro code   0x802'c55c     0xa90  dfs_file.o [28]
  .text              ro code   0x802'cfec      0x28  kservice.o [43]
  .text              ro code   0x802'd014      0x24  kservice.o [43]
  .text              ro code   0x802'd038      0xe8  lptimer.o [32]
  .text              ro code   0x802'd120       0x6  abort.o [44]
  .rodata            const     0x802'd126       0x1  mx25uxx.o [16]
  .rodata            const     0x802'd127       0x1  mx25uxx.o [16]
  .text              ro code   0x802'd128       0x2  I64DivZer.o [46]
  .rodata            const     0x802'd12a       0x1  mx25uxx.o [16]
  .rodata            const     0x802'd12b       0x1  mx25uxx.o [16]
  .text              ro code   0x802'd12c     0x590  dfs_fs.o [28]
  .text              ro code   0x802'd6bc     0x454  dfs_posix.o [28]
  .text              ro code   0x802'db10      0x1c  strrchr.o [44]
  .text              ro code   0x802'db2c       0x8  syscalls.o [37]
  .text              ro code   0x802'db34      0x28  strncmp.o [44]
  .text              ro code   0x802'db5c      0x34  cstdlib.o [36]
  .text              ro code   0x802'db90    0x15f6  uffs_fs.o [25]
  .rodata            const     0x802'f186       0x1  mx25uxx.o [16]
  .rodata            const     0x802'f187       0x1  xlocale_c.o [44]
  .text              ro code   0x802'f188     0x378  uffs_pool.o [25]
  .text              ro code   0x802'f500     0x30c  uffs_mtb.o [25]
  .text              ro code   0x802'f80c     0x486  uffs_public.o [25]
  .text              ro code   0x802'fc92    0x1034  uffs_tree.o [25]
  .text              ro code   0x803'0cc8    0x1386  uffs_buf.o [25]
  .text              ro code   0x803'2050      0x98  uffs_rtthread.o [26]
  .text              ro code   0x803'20e8     0x42e  uffs_badblock.o [25]
  .text              ro code   0x803'2516       0x6  uffs_debug.o [25]
  .text              ro code   0x803'251c     0x3f0  uffs_blockinfo.o [25]
  .text              ro code   0x803'290c     0x1a0  uffs_init.o [25]
  .text              ro code   0x803'2aac      0x40  uffs_crc.o [25]
  .text              ro code   0x803'2aec     0xc32  uffs_flash.o [25]
  .text              ro code   0x803'371e       0x8  uffs_device.o [25]
  .text              ro code   0x803'3728     0x384  uffs_ecc.o [25]
  .text              ro code   0x803'3aac    0x14f0  cJSON.o [19]
  .text              ro code   0x803'4f9c      0x3a  math_wrappers64.o [45]
  .text              ro code   0x803'4fd8      0x20  DblCmpEq.o [45]
  .text              ro code   0x803'4ff8      0x18  strcpy.o [46]
  .text              ro code   0x803'5010      0x40  sprintf.o [44]
  .text              ro code   0x803'5050      0x68  floor.o [45]
  .text              ro code   0x803'50b8      0xfc  asin64.o [45]
  .text              ro code   0x803'51b4     0x644  pow64.o [45]
  .text              ro code   0x803'57f8     0x3f4  cos_sin64.o [45]
  .text              ro code   0x803'5bec     0x102  sqrt.o [45]
  .text              ro code   0x803'5cf0     0x1d0  iar_Atan64.o [45]
  .text              ro code   0x803'5ec0     0x2d4  iar_Exp64.o [45]
  .text              ro code   0x803'6194    0x1332  stm32u5xx_hal_adc.o [18]
  .text              ro code   0x803'74c8     0x520  stm32u5xx_hal_msp.o [16]
  .text              ro code   0x803'79e8      0x5c  stm32u5xx_hal.o [18]
  .text              ro code   0x803'7a44     0x454  stm32u5xx_hal_gpio.o [18]
  .text              ro code   0x803'7e98     0x6a8  drv_gpio.o [16]
  .text              ro code   0x803'8540     0x4dc  pin.o [31]
  .text              ro code   0x803'8a1c      0x14  toupper.o [44]
  .text              ro code   0x803'8a30      0x28  strncat.o [44]
  .text              ro code   0x803'8a58      0x3c  msh_parse.o [35]
  .text              ro code   0x803'8a94       0xa  isdigit.o [44]
  .text              ro code   0x803'8aa0     0xe58  bg77.o [2]
  .text              ro code   0x803'98f8     0x398  bg77_cmd.o [2]
  .text              ro code   0x803'9c90      0x70  strncpy.o [46]
  .text              ro code   0x803'9d00     0x400  bg77_tcpip.o [2]
  .text              ro code   0x803'a100     0xdc0  bg77_mqtt.o [2]
  .text              ro code   0x803'aec0      0xe4  at.o [3]
  .text              ro code   0x803'afa4     0xa04  bg77_file.o [2]
  .text              ro code   0x803'b9a8     0x150  bg77_cart.o [2]
  .text              ro code   0x803'baf8     0x788  bg77_ftp.o [2]
  .text              ro code   0x803'c280     0x4c0  bg77_https.o [2]
  .text              ro code   0x803'c740     0x684  at_client.o [3]
  .text              ro code   0x803'cdc4      0x96  ABImemmove.o [46]
  .text              ro code   0x803'ce5c      0x68  memcmp.o [46]
  .text              ro code   0x803'cec4     0xcc8  smart_devset.o [13]
  .text              ro code   0x803'db8c     0x5a0  smart_analy.o [13]
  .text              ro code   0x803'e12c     0x368  PPItems.o [15]
  .text              ro code   0x803'e494      0x28  sscanf.o [44]
  .text              ro code   0x803'e4bc     0x498  rtc.o [33]
  .text              ro code   0x803'e954     0x270  syswatch.o [23]
  .text              ro code   0x803'ebc4     0x56c  upgrade.o [15]
  .text              ro code   0x803'f130      0x48  drv_rng.o [16]
  .text              ro code   0x803'f178      0x44  snprintf.o [44]
  .text              ro code   0x803'f1bc     0x6ac  xscanfsmall_nomb.o [44]
  .text              ro code   0x803'f868     0x620  ctime.o [36]
  .text              ro code   0x803'fe88     0x4e8  mx25uxx.o [16]
  .text              ro code   0x804'0370     0x48c  app_misc.o [6]
  .text              ro code   0x804'07fc     0x234  stm32u5xx_hal_rng.o [18]
  .text              ro code   0x804'0a30      0x90  iar_Stolx.o [44]
  .text              ro code   0x804'0ac0     0x81e  stm32u5xx_hal_spi.o [18]
  .text              ro code   0x804'12de      0x2c  strstr.o [44]
  .text              ro code   0x804'130c      0x60  ustring.o [14]
  .text              ro code   0x804'136c       0x2  stm32u5xx_hal_rng.o [18]
  .text              ro code   0x804'1370     0xb4c  esp.o [4]
  .text              ro code   0x804'1ebc     0x8ec  esp_cmd.o [4]
  .text              ro code   0x804'27a8     0x31c  esp_tcpip.o [4]
  .text              ro code   0x804'2ac4     0x9dc  esp_mqtt.o [4]
  .text              ro code   0x804'34a0     0x3a8  esp_https.o [4]
  .text              ro code   0x804'3848     0x678  esp_bt.o [4]
  .text              ro code   0x804'3ec0     0x964  msh_file.o [35]
  .text              ro code   0x804'4824     0x53c  msh.o [35]
  .text              ro code   0x804'4d60      0x20  kservice.o [43]
  .text              ro code   0x804'4d80      0x1e  strcat.o [44]
  .text              ro code   0x804'4da0       0x6  ABImemclr4.o [46]
  .text              ro code   0x804'4da8      0x32  ABImemset48.o [46]
  .text              ro code   0x804'4ddc     0x86c  uffs_fd.o [25]
  .text              ro code   0x804'5648     0x174  uffs_utils.o [25]
  .text              ro code   0x804'57bc     0x342  uffs_find.o [25]
  .text              ro code   0x804'5b00     0x868  ymodem.o [41]
  .text              ro code   0x804'6368     0x800  alarm.o [33]
  .text              ro code   0x804'6b68     0x7e8  shell.o [35]
  .text              ro code   0x804'7350     0x778  dfs_uffs.o [27]
  .text              ro code   0x804'7ac8     0x1b6  uffs_flashif.o [27]
  .text              ro code   0x804'7c80     0x75c  stm32u5xx_hal_uart.o [18]
  .text              ro code   0x804'83dc     0x10c  stm32u5xx_hal_dma_ex.o [18]
  .text              ro code   0x804'84e8      0xa6  stm32u5xx_hal_dma.o [18]
  .text              ro code   0x804'858e       0x2  stm32u5xx_hal_uart.o [18]
  .text              ro code   0x804'8590       0x2  stm32u5xx_hal_uart.o [18]
  .text              ro code   0x804'8592       0x2  stm32u5xx_hal_uart.o [18]
  .text              ro code   0x804'8594     0x74c  stm32u5xx_hal_rtc.o [18]
  .text              ro code   0x804'8ce0     0x454  drv_rtc.o [16]
  .text              ro code   0x804'9134       0x2  stm32u5xx_hal_rtc_ex.o [18]
  .text              ro code   0x804'9138      0x18  stm32u5xx_hal_rtc_ex.o [18]
  .text              ro code   0x804'9150      0x50  stm32u5xx_hal_pwr.o [18]
  .text              ro code   0x804'91a0     0x6ec  serial.o [34]
  .text              ro code   0x804'988c     0x220  completion.o [30]
  .text              ro code   0x804'9aac     0x6b4  utest.o [40]
  .text              ro code   0x804'a160     0x5d0  smart_devget.o [13]
  .text              ro code   0x804'a730     0x550  ittes_main.o [7]
  .text              ro code   0x804'ac80     0x4dc  msh_lan.o [8]
  .text              ro code   0x804'b15c      0x1a  ustrcrc.o [14]
  .text              ro code   0x804'b178     0x280  lan.o [11]
  .text              ro code   0x804'b3f8     0x290  lan_set.o [11]
  .text              ro code   0x804'b688     0x360  lan_get.o [11]
  .text              ro code   0x804'b9e8     0x13c  oam_thread.o [10]
  .text              ro code   0x804'bb24     0x108  oam_port.o [10]
  .text              ro code   0x804'bc2c      0x32  ctime.o [36]
  .text              ro code   0x804'bc5e     0x134  task_timer.o [14]
  .text              ro code   0x804'bd94      0x70  pit.o [15]
  .text              ro code   0x804'be04     0x400  smart_port.o [13]
  .text              ro code   0x804'c204     0x354  quectel_client.o [12]
  .text              ro code   0x804'c558     0x1d4  esp_btser.o [12]
  .text              ro code   0x804'c72c     0x4d4  i2c-bit-ops.o [29]
  .text              ro code   0x804'cc00     0x168  i2c_core.o [29]
  .text              ro code   0x804'cd68     0x150  i2c_dev.o [29]
  .text              ro code   0x804'ceb8     0x49c  stm32u5xx_hal_lptim.o [18]
  .text              ro code   0x804'd354       0x2  stm32u5xx_hal_lptim.o [18]
  .text              ro code   0x804'd356       0x2  stm32u5xx_hal_lptim.o [18]
  .text              ro code   0x804'd358     0x144  drv_lptim.o [16]
  .text              ro code   0x804'd49c       0x2  stm32u5xx_hal_lptim.o [18]
  .text              ro code   0x804'd49e       0x2  stm32u5xx_hal_lptim.o [18]
  .text              ro code   0x804'd4a0       0x2  stm32u5xx_hal_lptim.o [18]
  .text              ro code   0x804'd4a2       0x2  stm32u5xx_hal_lptim.o [18]
  .text              ro code   0x804'd4a4       0x2  stm32u5xx_hal_lptim.o [18]
  .text              ro code   0x804'd4a6       0x2  stm32u5xx_hal_lptim.o [18]
  .text              ro code   0x804'd4a8       0x2  stm32u5xx_hal_lptim.o [18]
  .text              ro code   0x804'd4aa       0x2  stm32u5xx_hal_lptim.o [18]
  .text              ro code   0x804'd4ac       0x2  stm32u5xx_hal_lptim.o [18]
  .text              ro code   0x804'd4b0     0x468  adc.o [31]
  .text              ro code   0x804'd918     0x460  qled.o [22]
  .text              ro code   0x804'dd78     0x45c  drv_usart.o [16]
  .rodata            const     0x804'e1d4      0x7c  cmd.o [35]
  .rodata            const     0x804'e250     0x420  pow64.o [45]
  .text              ro code   0x804'e670     0x408  msh_bg77.o [8]
  .text              ro code   0x804'ea78     0x1bc  business.o [5]
  .text              ro code   0x804'ec34      0x62  round.o [45]
  .text              ro code   0x804'ec98     0x3f0  drv_adc.o [16]
  .text              ro code   0x804'f088     0x230  stm32u5xx_hal_adc_ex.o [18]
  .text              ro code   0x804'f2b8     0x3a8  ry_sy.o [41]
  .text              ro code   0x804'f660     0x394  board.o [16]
  .text              ro code   0x804'f9f4     0x380  msh_show.o [8]
  FSymTab                      0x804'fd74     0x33c  <Block>
    FSymTab          const     0x804'fd74       0xc  adc.o [31]
    FSymTab          const     0x804'fd80       0xc  alarm.o [33]
    FSymTab          const     0x804'fd8c       0xc  app_ulog.o [6]
    FSymTab          const     0x804'fd98       0xc  bg77.o [2]
    FSymTab          const     0x804'fda4       0xc  cmd.o [35]
    FSymTab          const     0x804'fdb0       0xc  cmd.o [35]
    FSymTab          const     0x804'fdbc       0xc  cmd.o [35]
    FSymTab          const     0x804'fdc8       0xc  esp.o [4]
    FSymTab          const     0x804'fdd4       0xc  esp_btser.o [12]
    FSymTab          const     0x804'fde0       0xc  esp_btser.o [12]
    FSymTab          const     0x804'fdec       0xc  i2c_tools.o [21]
    FSymTab          const     0x804'fdf8       0xc  ittes_main.o [7]
    FSymTab          const     0x804'fe04       0xc  lan_get.o [11]
    FSymTab          const     0x804'fe10       0xc  lptimer.o [32]
    FSymTab          const     0x804'fe1c       0xc  msh.o [35]
    FSymTab          const     0x804'fe28       0xc  msh.o [35]
    FSymTab          const     0x804'fe34       0xc  msh.o [35]
    FSymTab          const     0x804'fe40       0xc  msh_bg77.o [8]
    FSymTab          const     0x804'fe4c       0xc  msh_board.o [8]
    FSymTab          const     0x804'fe58       0xc  msh_config.o [8]
    FSymTab          const     0x804'fe64       0xc  msh_debug.o [8]
    FSymTab          const     0x804'fe70       0xc  msh_esp32.o [8]
    FSymTab          const     0x804'fe7c       0xc  msh_file.o [35]
    FSymTab          const     0x804'fe88       0xc  msh_file.o [35]
    FSymTab          const     0x804'fe94       0xc  msh_file.o [35]
    FSymTab          const     0x804'fea0       0xc  msh_file.o [35]
    FSymTab          const     0x804'feac       0xc  msh_file.o [35]
    FSymTab          const     0x804'feb8       0xc  msh_file.o [35]
    FSymTab          const     0x804'fec4       0xc  msh_file.o [35]
    FSymTab          const     0x804'fed0       0xc  msh_file.o [35]
    FSymTab          const     0x804'fedc       0xc  msh_file.o [35]
    FSymTab          const     0x804'fee8       0xc  msh_file.o [35]
    FSymTab          const     0x804'fef4       0xc  msh_file.o [35]
    FSymTab          const     0x804'ff00       0xc  msh_file.o [35]
    FSymTab          const     0x804'ff0c       0xc  msh_file.o [35]
    FSymTab          const     0x804'ff18       0xc  msh_file.o [35]
    FSymTab          const     0x804'ff24       0xc  msh_lan.o [8]
    FSymTab          const     0x804'ff30       0xc  msh_led.o [8]
    FSymTab          const     0x804'ff3c       0xc  msh_pm.o [8]
    FSymTab          const     0x804'ff48       0xc  msh_show.o [8]
    FSymTab          const     0x804'ff54       0xc  msh_smart.o [8]
    FSymTab          const     0x804'ff60       0xc  msh_system.o [8]
    FSymTab          const     0x804'ff6c       0xc  pin.o [31]
    FSymTab          const     0x804'ff78       0xc  pm.o [32]
    FSymTab          const     0x804'ff84       0xc  pm.o [32]
    FSymTab          const     0x804'ff90       0xc  pm.o [32]
    FSymTab          const     0x804'ff9c       0xc  pm.o [32]
    FSymTab          const     0x804'ffa8       0xc  pm.o [32]
    FSymTab          const     0x804'ffb4       0xc  pm.o [32]
    FSymTab          const     0x804'ffc0       0xc  pm.o [32]
    FSymTab          const     0x804'ffcc       0xc  pm.o [32]
    FSymTab          const     0x804'ffd8       0xc  pm.o [32]
    FSymTab          const     0x804'ffe4       0xc  pm.o [32]
    FSymTab          const     0x804'fff0       0xc  pm.o [32]
    FSymTab          const     0x804'fffc       0xc  pm.o [32]
    FSymTab          const     0x805'0008       0xc  qled_sample.o [22]
    FSymTab          const     0x805'0014       0xc  rtc.o [33]
    FSymTab          const     0x805'0020       0xc  ry_sy.o [41]
    FSymTab          const     0x805'002c       0xc  ry_sy.o [41]
    FSymTab          const     0x805'0038       0xc  syswatch.o [23]
    FSymTab          const     0x805'0044       0xc  ulog.o [38]
    FSymTab          const     0x805'0050       0xc  ulog.o [38]
    FSymTab          const     0x805'005c       0xc  ulog.o [38]
    FSymTab          const     0x805'0068       0xc  ulog.o [38]
    FSymTab          const     0x805'0074       0xc  ulog.o [38]
    FSymTab          const     0x805'0080       0xc  ulog.o [38]
    FSymTab          const     0x805'008c       0xc  upgrade.o [15]
    FSymTab          const     0x805'0098       0xc  utest.o [40]
    FSymTab          const     0x805'00a4       0xc  utest.o [40]
  .text              ro code   0x805'00b0     0x2ac  adc_thread.o [5]
  .text              ro code   0x805'035c      0x48  FltToDbl.o [45]
  .text              ro code   0x805'03a4     0x26c  msh_smart.o [8]
  .text              ro code   0x805'0610     0x220  drv_pm.o [16]
  .rodata            const     0x805'0830     0x210  PPItems.o [15]
  .rodata            const     0x805'0a40     0x200  uffs_crc.o [25]
  .text              ro code   0x805'0c40     0x200  esp_client.o [12]
  .text              ro code   0x805'0e40     0x1f0  drv_flash_u5.o [16]
  .text              ro code   0x805'1030     0x170  stm32u5xx_hal_flash.o [18]
  .text              ro code   0x805'11a0      0xfc  stm32u5xx_hal_flash_ex.o [18]
  .text              ro code   0x805'129c     0x1d8  msh_board.o [8]
  .text              ro code   0x805'1474     0x1b0  i2c_utils.o [21]
  .text              ro code   0x805'1624     0x1ac  msh_pm.o [8]
  .text              ro code   0x805'17d0     0x1aa  app_ulog.o [6]
  .rodata            const     0x805'197c     0x1a4  msh_smart.o [8]
  .text              ro code   0x805'1b20     0x188  workqueue.o [30]
  .rodata            const     0x805'1ca8     0x15c  msh_smart.o [8]
  .text              ro code   0x805'1e04     0x144  msh_led.o [8]
  .text              ro code   0x805'1f48     0x140  drv_soft_i2c.o [16]
  .text              ro code   0x805'2088     0x140  i2c_tools.o [21]
  .rodata            const     0x805'21c8     0x12c  msh_smart.o [8]
  .rodata            const     0x805'22f4     0x12c  msh_smart.o [8]
  .rodata            const     0x805'2420     0x120  msh_smart.o [8]
  .rodata            const     0x805'2540     0x118  msh_smart.o [8]
  .rodata            const     0x805'2658     0x114  ittes_main.o [7]
  .rodata            const     0x805'276c     0x110  msh_smart.o [8]
  .rodata            const     0x805'287c     0x10c  msh_smart.o [8]
  .rodata            const     0x805'2988     0x10c  msh_smart.o [8]
  .rodata            const     0x805'2a94     0x108  msh_lan.o [8]
  .rodata            const     0x805'2b9c     0x108  msh_smart.o [8]
  .rodata            const     0x805'2ca4     0x104  msh_smart.o [8]
  .rodata            const     0x805'2da8     0x100  esp_cmd.o [4]
  .rodata            const     0x805'2ea8     0x100  esp_cmd.o [4]
  .rodata            const     0x805'2fa8     0x100  uffs_ecc.o [25]
  .rodata            const     0x805'30a8     0x100  uffs_ecc.o [25]
  .rodata            const     0x805'31a8      0xf0  msh_smart.o [8]
  .rodata            const     0x805'3298      0xf0  msh_smart.o [8]
  .rodata            const     0x805'3388      0xec  msh_smart.o [8]
  .rodata            const     0x805'3474      0xec  msh_smart.o [8]
  .rodata            const     0x805'3560      0xec  msh_smart.o [8]
  .rodata            const     0x805'364c      0xec  msh_smart.o [8]
  .rodata            const     0x805'3738      0xe8  msh_smart.o [8]
  .text              ro code   0x805'3820      0xe8  reg_edit.o [15]
  .text              ro code   0x805'3908      0xca  components.o [43]
  .text              ro code   0x805'39d4      0x28  data_init.o [46]
  .text              ro code   0x805'39fc      0x7e  main.o [1]
  .text              ro code   0x805'3a7c      0x38  drv_common.o [16]
  .text              ro code   0x805'3ab4      0x10  drv_common.o [16]
  .text              ro code   0x805'3ac4      0x48  kservice.o [43]
  .text              ro code   0x805'3b0c      0xa8  msh_debug.o [8]
  .text              ro code   0x805'3bb4      0xa8  msh_esp32.o [8]
  .rodata            const     0x805'3c5c      0x90  smart_devset.o [13]
  UtestTcTab                   0x805'3cec      0x8c  <Block>
    UtestTcTab       const     0x805'3cec      0x14  utext_adc.o [9]
    UtestTcTab       const     0x805'3d00      0x14  utext_bg77.o [9]
    UtestTcTab       const     0x805'3d14      0x14  utext_ble.o [9]
    UtestTcTab       const     0x805'3d28      0x14  utext_flash.o [9]
    UtestTcTab       const     0x805'3d3c      0x14  utext_led.o [9]
    UtestTcTab       const     0x805'3d50      0x14  utext_lsm6d.o [9]
    UtestTcTab       const     0x805'3d64      0x14  utext_wifi.o [9]
  .rodata            const     0x805'3d78      0x80  esp_bt.o [4]
  .rodata            const     0x805'3df8      0x80  esp_bt.o [4]
  .rodata            const     0x805'3e78      0x80  esp_bt.o [4]
  .rodata            const     0x805'3ef8      0x80  esp_cmd.o [4]
  .rodata            const     0x805'3f78      0x80  esp_cmd.o [4]
  .rodata            const     0x805'3ff8      0x80  esp_cmd.o [4]
  .rodata            const     0x805'4078      0x80  msh_bg77.o [8]
  .rodata            const     0x805'40f8      0x80  stm32u5xx_hal_gpio.o [18]
  .text              ro code   0x805'4178      0x7c  app_gpio.o [6]
  .rodata            const     0x805'41f4      0x78  msh_esp32.o [8]
  .rodata            const     0x805'426c      0x78  msh_led.o [8]
  .rodata            const     0x805'42e4      0x78  uffs_buf.o [25]
  .rodata            const     0x805'435c      0x78  uffs_flash.o [25]
  .rodata            const     0x805'43d4      0x78  uffs_init.o [25]
  .rodata            const     0x805'444c      0x78  uffs_pool.o [25]
  .rodata            const     0x805'44c4      0x78  uffs_public.o [25]
  .text              ro code   0x805'453c      0x78  lz77_init_single.o [46]
  .rodata            const     0x805'45b4      0x74  mem.o [43]
  .rodata            const     0x805'4628      0x74  uffs_fs.o [25]
  .rodata            const     0x805'469c      0x70  pin.o [31]
  .text              ro code   0x805'470c      0x6c  system_stm32u5xx.o [17]
  .rodata            const     0x805'4778      0x64  pin.o [31]
  .rodata            const     0x805'47dc      0x64  serial.o [34]
  .text              ro code   0x805'4840      0x64  qled_sample.o [22]
  .rodata            const     0x805'48a4      0x60  lan_get.o [11]
  .rodata            const     0x805'4904      0x60  lan_set.o [11]
  .text              ro code   0x805'4964      0x60  msh_config.o [8]
  .text              ro code   0x805'49c4      0x60  utext_flash.o [9]
  .rodata            const     0x805'4a24      0x5c  uffs_buf.o [25]
  .rodata            const     0x805'4a80      0x58  bg77_mqtt.o [2]
  .rodata            const     0x805'4ad8      0x54  utest.o [40]
  .rodata            const     0x805'4b2c      0x50  bg77.o [2]
  .rodata            const     0x805'4b7c      0x50  esp.o [4]
  .rodata            const     0x805'4bcc      0x50  mem.o [43]
  .rodata            const     0x805'4c1c      0x50  mem.o [43]
  .rodata            const     0x805'4c6c      0x50  uffs_buf.o [25]
  .rodata            const     0x805'4cbc      0x50  iar_Stoulx.o [44]
  .rodata            const     0x805'4d0c      0x4c  mem.o [43]
  .rodata            const     0x805'4d58      0x4c  utest.o [40]
  .rodata            const     0x805'4da4      0x48  alarm.o [33]
  .rodata            const     0x805'4dec      0x48  at_client.o [3]
  .rodata            const     0x805'4e34      0x48  cmd.o [35]
  .rodata            const     0x805'4e7c      0x48  ctime.o [36]
  .rodata            const     0x805'4ec4      0x48  ipc.o [43]
  .rodata            const     0x805'4f0c      0x48  ipc.o [43]
  .rodata            const     0x805'4f54      0x48  mem.o [43]
  .rodata            const     0x805'4f9c      0x48  pin.o [31]
  .rodata            const     0x805'4fe4      0x48  stm32u5xx_hal_msp.o [16]
  .rodata.name       const     0x805'502c      0x48  rtc.o [33]
  .text              ro code   0x805'5074      0x48  utext_adc.o [9]
  .text              ro code   0x805'50bc      0x48  utext_bg77.o [9]
  .text              ro code   0x805'5104      0x48  utext_ble.o [9]
  .text              ro code   0x805'514c      0x48  utext_led.o [9]
  .text              ro code   0x805'5194      0x48  utext_lsm6d.o [9]
  .text              ro code   0x805'51dc      0x48  utext_wifi.o [9]
  .rodata            const     0x805'5224      0x44  app_misc.o [6]
  .rodata            const     0x805'5268      0x44  bg77_ftp.o [2]
  .rodata            const     0x805'52ac      0x44  drv_rtc.o [16]
  .rodata            const     0x805'52f0      0x44  ipc.o [43]
  .rodata            const     0x805'5334      0x44  ipc.o [43]
  .rodata            const     0x805'5378      0x44  thread.o [43]
  .rodata            const     0x805'53bc      0x44  thread.o [43]
  .rodata            const     0x805'5400      0x44  utest.o [40]
  .rodata            const     0x805'5444      0x44  utest.o [40]
  .rodata            const     0x805'5488      0x44  utext_adc.o [9]
  .rodata            const     0x805'54cc      0x44  utext_bg77.o [9]
  .rodata            const     0x805'5510      0x44  utext_ble.o [9]
  .rodata            const     0x805'5554      0x44  utext_flash.o [9]
  .rodata            const     0x805'5598      0x44  utext_led.o [9]
  .rodata            const     0x805'55dc      0x44  utext_lsm6d.o [9]
  .rodata            const     0x805'5620      0x44  utext_wifi.o [9]
  .text              ro code   0x805'5664      0x44  msh_system.o [8]
  .rodata            const     0x805'56a8      0x40  cmd.o [35]
  .rodata            const     0x805'56e8      0x40  drv_gpio.o [16]
  .rodata            const     0x805'5728      0x40  drv_rng.o [16]
  .rodata            const     0x805'5768      0x40  esp_cmd.o [4]
  .rodata            const     0x805'57a8      0x40  esp_cmd.o [4]
  .rodata            const     0x805'57e8      0x40  ipc.o [43]
  .rodata            const     0x805'5828      0x40  lan_get.o [11]
  .rodata            const     0x805'5868      0x40  lan_get.o [11]
  .rodata            const     0x805'58a8      0x40  msh_lan.o [8]
  .rodata            const     0x805'58e8      0x40  msh_pm.o [8]
  .rodata            const     0x805'5928      0x40  pin.o [31]
  .rodata            const     0x805'5968      0x40  system_stm32u5xx.o [17]
  .rodata            const     0x805'59a8      0x40  upgrade.o [15]
  .rodata            const     0x805'59e8      0x40  upgrade.o [15]
  .rodata            const     0x805'5a28      0x40  iar_Atan64.o [45]
  .rodata.name       const     0x805'5a68      0x40  ry_sy.o [41]
  .rodata            const     0x805'5aa8      0x3c  adc.o [31]
  .rodata            const     0x805'5ae4      0x3c  board.o [16]
  .rodata            const     0x805'5b20      0x3c  device.o [43]
  .rodata            const     0x805'5b5c      0x3c  dfs.o [28]
  .rodata            const     0x805'5b98      0x3c  esp.o [4]
  .rodata            const     0x805'5bd4      0x3c  i2c_utils.o [21]
  .rodata            const     0x805'5c10      0x3c  ipc.o [43]
  .rodata            const     0x805'5c4c      0x3c  lptimer.o [32]
  .rodata            const     0x805'5c88      0x3c  lptimer.o [32]
  .rodata            const     0x805'5cc4      0x3c  mem.o [43]
  .rodata            const     0x805'5d00      0x3c  mem.o [43]
  .rodata            const     0x805'5d3c      0x3c  msh_file.o [35]
  .rodata            const     0x805'5d78      0x3c  rtc.o [33]
  .rodata            const     0x805'5db4      0x3c  thread.o [43]
  .rodata            const     0x805'5df0      0x3c  timer.o [43]
  .rodata            const     0x805'5e2c      0x3c  utest.o [40]
  .rodata            const     0x805'5e68      0x3c  utest.o [40]
  .rodata            const     0x805'5ea4      0x3c  utest.o [40]
  .rodata.name       const     0x805'5ee0      0x3c  ry_sy.o [41]
  .rodata            const     0x805'5f1c      0x38  adc.o [31]
  .rodata            const     0x805'5f54      0x38  bg77_ftp.o [2]
  .rodata            const     0x805'5f8c      0x38  completion.o [30]
  .rodata            const     0x805'5fc4      0x38  device.o [43]
  .rodata            const     0x805'5ffc      0x38  dfs_fs.o [28]
  .rodata            const     0x805'6034      0x38  dfs_fs.o [28]
  .rodata            const     0x805'606c      0x38  dfs_fs.o [28]
  .rodata            const     0x805'60a4      0x38  i2c_utils.o [21]
  .rodata            const     0x805'60dc      0x38  ipc.o [43]
  .rodata            const     0x805'6114      0x38  kservice.o [43]
  .rodata            const     0x805'614c      0x38  mem.o [43]
  .rodata            const     0x805'6184      0x38  mem.o [43]
  .rodata            const     0x805'61bc      0x38  mem.o [43]
  .rodata            const     0x805'61f4      0x38  mem.o [43]
  .rodata            const     0x805'622c      0x38  msh_file.o [35]
  .rodata            const     0x805'6264      0x38  msh_file.o [35]
  .rodata            const     0x805'629c      0x38  scheduler_up.o [43]
  .rodata            const     0x805'62d4      0x38  syswatch.o [23]
  .rodata            const     0x805'630c      0x38  thread.o [43]
  .rodata            const     0x805'6344      0x38  thread.o [43]
  .rodata            const     0x805'637c      0x38  uffs_buf.o [25]
  .rodata            const     0x805'63b4      0x38  upgrade.o [15]
  .rodata.name       const     0x805'63ec      0x38  utest.o [40]
  .text              ro code   0x805'6424      0x38  syscall_iar.o [42]
  .text              ro code   0x805'645c      0x38  zero_init3.o [46]
  .rodata            const     0x805'6494      0x34  app_misc.o [6]
  .rodata            const     0x805'64c8      0x34  bg77.o [2]
  .rodata            const     0x805'64fc      0x34  cmd.o [35]
  .rodata            const     0x805'6530      0x34  ctime.o [36]
  .rodata            const     0x805'6564      0x34  dfs_fs.o [28]
  .rodata            const     0x805'6598      0x34  drv_flash_u5.o [16]
  .rodata            const     0x805'65cc      0x34  drv_flash_u5.o [16]
  .rodata            const     0x805'6600      0x34  esp.o [4]
  .rodata            const     0x805'6634      0x34  esp_https.o [4]
  .rodata            const     0x805'6668      0x34  msh_pm.o [8]
  .rodata            const     0x805'669c      0x34  upgrade.o [15]
  .rodata            const     0x805'66d0      0x34  upgrade.o [15]
  .rodata            const     0x805'6704      0x34  utest.o [40]
  .rodata.name       const     0x805'6738      0x34  msh_file.o [35]
  .rodata            const     0x805'676c      0x30  adc.o [31]
  .rodata            const     0x805'679c      0x30  adc.o [31]
  .rodata            const     0x805'67cc      0x30  adc.o [31]
  .rodata            const     0x805'67fc      0x30  adc.o [31]
  .rodata            const     0x805'682c      0x30  adc.o [31]
  .rodata            const     0x805'685c      0x30  adc.o [31]
  .rodata            const     0x805'688c      0x30  adc.o [31]
  .rodata            const     0x805'68bc      0x30  adc.o [31]
  .rodata            const     0x805'68ec      0x30  at_client.o [3]
  .rodata            const     0x805'691c      0x30  cmd.o [35]
  .rodata            const     0x805'694c      0x30  cmd.o [35]
  .rodata            const     0x805'697c      0x30  completion.o [30]
  .rodata            const     0x805'69ac      0x30  dfs_file.o [28]
  .rodata            const     0x805'69dc      0x30  dfs_file.o [28]
  .rodata            const     0x805'6a0c      0x30  dfs_uffs.o [27]
  .rodata            const     0x805'6a3c      0x30  esp_https.o [4]
  .rodata            const     0x805'6a6c      0x30  esp_mqtt.o [4]
  .rodata            const     0x805'6a9c      0x30  i2c_utils.o [21]
  .rodata            const     0x805'6acc      0x30  ipc.o [43]
  .rodata            const     0x805'6afc      0x30  lan.o [11]
  .rodata            const     0x805'6b2c      0x30  mem.o [43]
  .rodata            const     0x805'6b5c      0x30  mem.o [43]
  .rodata            const     0x805'6b8c      0x30  mem.o [43]
  .rodata            const     0x805'6bbc      0x30  msh_file.o [35]
  .rodata            const     0x805'6bec      0x30  msh_file.o [35]
  .rodata            const     0x805'6c1c      0x30  pm.o [32]
  .rodata            const     0x805'6c4c      0x30  pm.o [32]
  .rodata            const     0x805'6c7c      0x30  PPItems.o [15]
  .rodata            const     0x805'6cac      0x30  quectel_client.o [12]
  .rodata            const     0x805'6cdc      0x30  thread.o [43]
  .rodata            const     0x805'6d0c      0x30  uffs_fs.o [25]
  .rodata            const     0x805'6d3c      0x30  ulog.o [38]
  .rodata            const     0x805'6d6c      0x30  ulog.o [38]
  .rodata            const     0x805'6d9c      0x30  upgrade.o [15]
  .rodata            const     0x805'6dcc      0x30  upgrade.o [15]
  .rodata            const     0x805'6dfc      0x30  utest.o [40]
  .rodata.name       const     0x805'6e2c      0x30  msh_file.o [35]
  .rodata            const     0x805'6e5c      0x2c  adc.o [31]
  .rodata            const     0x805'6e88      0x2c  alarm.o [33]
  .rodata            const     0x805'6eb4      0x2c  bg77.o [2]
  .rodata            const     0x805'6ee0      0x2c  bg77.o [2]
  .rodata            const     0x805'6f0c      0x2c  bg77_file.o [2]
  .rodata            const     0x805'6f38      0x2c  bg77_file.o [2]
  .rodata            const     0x805'6f64      0x2c  bg77_https.o [2]
  .rodata            const     0x805'6f90      0x2c  bg77_https.o [2]
  .rodata            const     0x805'6fbc      0x2c  bg77_https.o [2]
  .rodata            const     0x805'6fe8      0x2c  bg77_mqtt.o [2]
  .rodata            const     0x805'7014      0x2c  bg77_mqtt.o [2]
  .rodata            const     0x805'7040      0x2c  bg77_tcpip.o [2]
  .rodata            const     0x805'706c      0x2c  completion.o [30]
  .rodata            const     0x805'7098      0x2c  dfs_file.o [28]
  .rodata            const     0x805'70c4      0x2c  esp.o [4]
  .rodata            const     0x805'70f0      0x2c  esp.o [4]
  .rodata            const     0x805'711c      0x2c  esp_bt.o [4]
  .rodata            const     0x805'7148      0x2c  esp_btser.o [12]
  .rodata            const     0x805'7174      0x2c  esp_btser.o [12]
  .rodata            const     0x805'71a0      0x2c  esp_cmd.o [4]
  .rodata            const     0x805'71cc      0x2c  esp_cmd.o [4]
  .rodata            const     0x805'71f8      0x2c  esp_mqtt.o [4]
  .rodata            const     0x805'7224      0x2c  ipc.o [43]
  .rodata            const     0x805'7250      0x2c  kservice.o [43]
  .rodata            const     0x805'727c      0x2c  lan_get.o [11]
  .rodata            const     0x805'72a8      0x2c  msh_board.o [8]
  .rodata            const     0x805'72d4      0x2c  msh_config.o [8]
  .rodata            const     0x805'7300      0x2c  msh_esp32.o [8]
  .rodata            const     0x805'732c      0x2c  object.o [43]
  .rodata            const     0x805'7358      0x2c  pin.o [31]
  .rodata            const     0x805'7384      0x2c  pm.o [32]
  .rodata            const     0x805'73b0      0x2c  pm.o [32]
  .rodata            const     0x805'73dc      0x2c  qled.o [22]
  .rodata            const     0x805'7408      0x2c  thread.o [43]
  .rodata            const     0x805'7434      0x2c  timer.o [43]
  .rodata            const     0x805'7460      0x2c  uffs_fs.o [25]
  .rodata            const     0x805'748c      0x2c  uffs_public.o [25]
  .rodata            const     0x805'74b8      0x2c  ulog.o [38]
  .rodata            const     0x805'74e4      0x2c  ulog.o [38]
  .rodata            const     0x805'7510      0x2c  upgrade.o [15]
  .rodata            const     0x805'753c      0x2c  upgrade.o [15]
  .rodata            const     0x805'7568      0x2c  utest.o [40]
  .rodata            const     0x805'7594      0x2c  utest.o [40]
  .rodata            const     0x805'75c0      0x2c  utest.o [40]
  .rodata            const     0x805'75ec      0x2c  utest.o [40]
  .rodata            const     0x805'7618      0x2c  utest.o [40]
  .rodata.name       const     0x805'7644      0x2c  esp.o [4]
  .rodata.name       const     0x805'7670      0x2c  msh_show.o [8]
  .rodata.name       const     0x805'769c      0x2c  ulog.o [38]
  .rodata            const     0x805'76c8      0x28  adc.o [31]
  .rodata            const     0x805'76f0      0x28  adc_thread.o [5]
  .rodata            const     0x805'7718      0x28  app_misc.o [6]
  .rodata            const     0x805'7740      0x28  app_misc.o [6]
  .rodata            const     0x805'7768      0x28  bg77_cmd.o [2]
  .rodata            const     0x805'7790      0x28  bg77_cmd.o [2]
  .rodata            const     0x805'77b8      0x28  bg77_cmd.o [2]
  .rodata            const     0x805'77e0      0x28  bg77_mqtt.o [2]
  .rodata            const     0x805'7808      0x28  bg77_mqtt.o [2]
  .rodata            const     0x805'7830      0x28  cmd.o [35]
  .rodata            const     0x805'7858      0x28  cmd.o [35]
  .rodata            const     0x805'7880      0x28  cmd.o [35]
  .rodata            const     0x805'78a8      0x28  cmd.o [35]
  .rodata            const     0x805'78d0      0x28  completion.o [30]
  .rodata            const     0x805'78f8      0x28  completion.o [30]
  .rodata            const     0x805'7920      0x28  dfs_uffs.o [27]
  .rodata            const     0x805'7948      0x28  drv_pm.o [16]
  .rodata            const     0x805'7970      0x28  drv_rtc.o [16]
  .rodata            const     0x805'7998      0x28  esp_bt.o [4]
  .rodata            const     0x805'79c0      0x28  esp_btser.o [12]
  .rodata            const     0x805'79e8      0x28  esp_https.o [4]
  .rodata            const     0x805'7a10      0x28  esp_mqtt.o [4]
  .rodata            const     0x805'7a38      0x28  ipc.o [43]
  .rodata            const     0x805'7a60      0x28  ipc.o [43]
  .rodata            const     0x805'7a88      0x28  mem.o [43]
  .rodata            const     0x805'7ab0      0x28  msh_file.o [35]
  .rodata            const     0x805'7ad8      0x28  msh_pm.o [8]
  .rodata            const     0x805'7b00      0x28  object.o [43]
  .rodata            const     0x805'7b28      0x28  pm.o [32]
  .rodata            const     0x805'7b50      0x28  rtc.o [33]
  .rodata            const     0x805'7b78      0x28  thread.o [43]
  .rodata            const     0x805'7ba0      0x28  thread.o [43]
  .rodata            const     0x805'7bc8      0x28  timer.o [43]
  .rodata            const     0x805'7bf0      0x28  uffs_buf.o [25]
  .rodata            const     0x805'7c18      0x28  uffs_buf.o [25]
  .rodata            const     0x805'7c40      0x28  uffs_flash.o [25]
  .rodata            const     0x805'7c68      0x28  uffs_flashif.o [27]
  .rodata            const     0x805'7c90      0x28  uffs_pool.o [25]
  .rodata            const     0x805'7cb8      0x28  ulog.o [38]
  .rodata            const     0x805'7ce0      0x28  ulog.o [38]
  .rodata            const     0x805'7d08      0x28  utest.o [40]
  .rodata            const     0x805'7d30      0x28  utest.o [40]
  .rodata            const     0x805'7d58      0x28  utest.o [40]
  .rodata            const     0x805'7d80      0x28  utest.o [40]
  .rodata            const     0x805'7da8      0x28  utest.o [40]
  .rodata            const     0x805'7dd0      0x28  utest.o [40]
  .rodata            const     0x805'7df8      0x28  utest.o [40]
  .rodata            const     0x805'7e20      0x28  utest.o [40]
  .rodata            const     0x805'7e48      0x28  utest.o [40]
  .rodata.name       const     0x805'7e70      0x28  bg77.o [2]
  .rodata.name       const     0x805'7e98      0x28  msh.o [35]
  .rodata.name       const     0x805'7ec0      0x28  msh_file.o [35]
  .rodata.name       const     0x805'7ee8      0x28  ulog.o [38]
  .rodata            const     0x805'7f10      0x24  adc.o [31]
  .rodata            const     0x805'7f34      0x24  adc_thread.o [5]
  .rodata            const     0x805'7f58      0x24  alarm.o [33]
  .rodata            const     0x805'7f7c      0x24  alarm.o [33]
  .rodata            const     0x805'7fa0      0x24  bg77.o [2]
  .rodata            const     0x805'7fc4      0x24  bg77.o [2]
  .rodata            const     0x805'7fe8      0x24  bg77.o [2]
  .rodata            const     0x805'800c      0x24  bg77_file.o [2]
  .rodata            const     0x805'8030      0x24  bg77_ftp.o [2]
  .rodata            const     0x805'8054      0x24  bg77_ftp.o [2]
  .rodata            const     0x805'8078      0x24  bg77_ftp.o [2]
  .rodata            const     0x805'809c      0x24  bg77_https.o [2]
  .rodata            const     0x805'80c0      0x24  bg77_https.o [2]
  .rodata            const     0x805'80e4      0x24  bg77_mqtt.o [2]
  .rodata            const     0x805'8108      0x24  bg77_mqtt.o [2]
  .rodata            const     0x805'812c      0x24  bg77_mqtt.o [2]
  .rodata            const     0x805'8150      0x24  bg77_tcpip.o [2]
  .rodata            const     0x805'8174      0x24  bg77_tcpip.o [2]
  .rodata            const     0x805'8198      0x24  bg77_tcpip.o [2]
  .rodata            const     0x805'81bc      0x24  cmd.o [35]
  .rodata            const     0x805'81e0      0x24  cmd.o [35]
  .rodata            const     0x805'8204      0x24  cmd.o [35]
  .rodata            const     0x805'8228      0x24  cmd.o [35]
  .rodata            const     0x805'824c      0x24  cmd.o [35]
  .rodata            const     0x805'8270      0x24  cmd.o [35]
  .rodata            const     0x805'8294      0x24  dfs_file.o [28]
  .rodata            const     0x805'82b8      0x24  dfs_fs.o [28]
  .rodata            const     0x805'82dc      0x24  dfs_uffs.o [27]
  .rodata            const     0x805'8300      0x24  drv_adc.o [16]
  .rodata            const     0x805'8324      0x24  drv_adc.o [16]
  .rodata            const     0x805'8348      0x24  drv_flash_u5.o [16]
  .rodata            const     0x805'836c      0x24  esp.o [4]
  .rodata            const     0x805'8390      0x24  esp_bt.o [4]
  .rodata            const     0x805'83b4      0x24  esp_bt.o [4]
  .rodata            const     0x805'83d8      0x24  esp_btser.o [12]
  .rodata            const     0x805'83fc      0x24  esp_cmd.o [4]
  .rodata            const     0x805'8420      0x24  esp_cmd.o [4]
  .rodata            const     0x805'8444      0x24  esp_cmd.o [4]
  .rodata            const     0x805'8468      0x24  esp_https.o [4]
  .rodata            const     0x805'848c      0x24  esp_https.o [4]
  .rodata            const     0x805'84b0      0x24  esp_https.o [4]
  .rodata            const     0x805'84d4      0x24  esp_mqtt.o [4]
  .rodata            const     0x805'84f8      0x24  esp_mqtt.o [4]
  .rodata            const     0x805'851c      0x24  esp_tcpip.o [4]
  .rodata            const     0x805'8540      0x24  esp_tcpip.o [4]
  .rodata            const     0x805'8564      0x24  esp_tcpip.o [4]
  .rodata            const     0x805'8588      0x24  esp_tcpip.o [4]
  .rodata            const     0x805'85ac      0x24  kservice.o [43]
  .rodata            const     0x805'85d0      0x24  kservice.o [43]
  .rodata            const     0x805'85f4      0x24  lan.o [11]
  .rodata            const     0x805'8618      0x24  mem.o [43]
  .rodata            const     0x805'863c      0x24  msh_file.o [35]
  .rodata            const     0x805'8660      0x24  msh_file.o [35]
  .rodata            const     0x805'8684      0x24  msh_file.o [35]
  .rodata            const     0x805'86a8      0x24  msh_file.o [35]
  .rodata            const     0x805'86cc      0x24  qled.o [22]
  .rodata            const     0x805'86f0      0x24  qled.o [22]
  .rodata            const     0x805'8714      0x24  qled_sample.o [22]
  .rodata            const     0x805'8738      0x24  rtc.o [33]
  .rodata            const     0x805'875c      0x24  syswatch.o [23]
  .rodata            const     0x805'8780      0x24  thread.o [43]
  .rodata            const     0x805'87a4      0x24  uffs_buf.o [25]
  .rodata            const     0x805'87c8      0x24  uffs_init.o [25]
  .rodata            const     0x805'87ec      0x24  uffs_init.o [25]
  .rodata            const     0x805'8810      0x24  ulog.o [38]
  .rodata            const     0x805'8834      0x24  ulog.o [38]
  .rodata            const     0x805'8858      0x24  upgrade.o [15]
  .rodata            const     0x805'887c      0x24  upgrade.o [15]
  .rodata            const     0x805'88a0      0x24  utest.o [40]
  .rodata            const     0x805'88c4      0x24  utest.o [40]
  .rodata            const     0x805'88e8      0x24  utest.o [40]
  .rodata            const     0x805'890c      0x24  utest.o [40]
  .rodata            const     0x805'8930      0x24  utest.o [40]
  .rodata            const     0x805'8954      0x24  xscanfsmall_nomb.o [44]
  .rodata.name       const     0x805'8978      0x24  cmd.o [35]
  .rodata.name       const     0x805'899c      0x24  msh_file.o [35]
  .rodata.name       const     0x805'89c0      0x24  msh_file.o [35]
  .rodata.name       const     0x805'89e4      0x24  pm.o [32]
  .rodata.name       const     0x805'8a08      0x24  pm.o [32]
  .rodata.name       const     0x805'8a2c      0x24  pm.o [32]
  .rodata.name       const     0x805'8a50      0x24  pm.o [32]
  .rodata.name       const     0x805'8a74      0x24  pm.o [32]
  .rodata.name       const     0x805'8a98      0x24  qled_sample.o [22]
  .text              ro code   0x805'8abc      0x22  fpinit_M.o [45]
  .iar.init_table    const     0x805'8ae0      0x20  - Linker created -
  .rodata            const     0x805'8b00      0x20  adc.o [31]
  .rodata            const     0x805'8b20      0x20  adc_thread.o [5]
  .rodata            const     0x805'8b40      0x20  app_misc.o [6]
  .rodata            const     0x805'8b60      0x20  app_misc.o [6]
  .rodata            const     0x805'8b80      0x20  app_ulog.o [6]
  .rodata            const     0x805'8ba0      0x20  bg77.o [2]
  .rodata            const     0x805'8bc0      0x20  bg77_file.o [2]
  .rodata            const     0x805'8be0      0x20  bg77_file.o [2]
  .rodata            const     0x805'8c00      0x20  bg77_file.o [2]
  .rodata            const     0x805'8c20      0x20  bg77_ftp.o [2]
  .rodata            const     0x805'8c40      0x20  bg77_ftp.o [2]
  .rodata            const     0x805'8c60      0x20  bg77_https.o [2]
  .rodata            const     0x805'8c80      0x20  bg77_mqtt.o [2]
  .rodata            const     0x805'8ca0      0x20  bg77_mqtt.o [2]
  .rodata            const     0x805'8cc0      0x20  bg77_mqtt.o [2]
  .rodata            const     0x805'8ce0      0x20  bg77_mqtt.o [2]
  .rodata            const     0x805'8d00      0x20  cmd.o [35]
  .rodata            const     0x805'8d20      0x20  cmd.o [35]
  .rodata            const     0x805'8d40      0x20  cmd.o [35]
  .rodata            const     0x805'8d60      0x20  cmd.o [35]
  .rodata            const     0x805'8d80      0x20  cmd.o [35]
[...]
uffs_GetNextBlockTimeStamp
                         0x802'f811     0xe  Code  Gb  uffs_public.o [25]
uffs_GetObject           0x802'dbf1    0x28  Code  Gb  uffs_fs.o [25]
uffs_GetObjectInfo       0x804'583d    0x7a  Code  Gb  uffs_find.o [25]
uffs_GetObjectPool       0x802'db91     0x6  Code  Gb  uffs_fs.o [25]
uffs_GlobalFsLockLock    0x804'5655     0xe  Code  Gb  uffs_utils.o [25]
uffs_GlobalFsLockUnlock
                         0x804'5663     0xe  Code  Gb  uffs_utils.o [25]
uffs_InitDevice          0x803'29b9    0xa4  Code  Gb  uffs_init.o [25]
uffs_InitDeviceConfig    0x803'290d    0x9e  Code  Lc  uffs_init.o [25]
uffs_InitFlash           0x804'7ac9     0x4  Code  Lc  uffs_flashif.o [27]
uffs_InitGlobalFsLock    0x804'5649     0xc  Code  Gb  uffs_utils.o [25]
uffs_InitObjectBuf       0x802'db97    0x1e  Code  Gb  uffs_fs.o [25]
uffs_InsertNodeToTree    0x802'fe2f    0x2a  Code  Gb  uffs_tree.o [25]
uffs_InsertToDataEntry   0x803'0c2d    0x18  Code  Lc  uffs_tree.o [25]
uffs_InsertToDirEntry    0x803'0c19    0x14  Code  Lc  uffs_tree.o [25]
uffs_InsertToErasedListHead
                         0x803'0c45    0x2a  Code  Gb  uffs_tree.o [25]
uffs_InsertToFileEntry   0x803'0c05    0x14  Code  Lc  uffs_tree.o [25]
uffs_IsPageErased        0x802'fbeb    0x3c  Code  Gb  uffs_public.o [25]
uffs_IsSrcNewerThanObj   0x802'f81f    0x2c  Code  Gb  uffs_public.o [25]
uffs_IsThisBlockUsed     0x802'f9d9    0x1e  Code  Gb  uffs_public.o [25]
uffs_LoadMiniHeader      0x802'fc39    0x5a  Code  Gb  uffs_public.o [25]
uffs_MakeSum16           0x802'fa23     0x8  Code  Gb  uffs_public.o [25]
uffs_MemSetupSystemAllocator
                         0x803'20cd     0xa  Code  Gb  uffs_rtthread.o [26]
uffs_Mount               0x802'f5e5    0xae  Code  Gb  uffs_mtb.o [25]
uffs_MoveObjectEx        0x802'ef7d    0xee  Code  Gb  uffs_fs.o [25]
uffs_OpenObject          0x802'e199    0x3e  Code  Gb  uffs_fs.o [25]
uffs_OpenObjectEx        0x802'dee1   0x18a  Code  Gb  uffs_fs.o [25]
uffs_Ops                 0x805'7c68    0x28  Data  Gb  uffs_flashif.o [27]
uffs_ParseObject         0x802'e06b    0xfc  Code  Gb  uffs_fs.o [25]
uffs_PoolCheckFreeList   0x802'f42d    0x16  Code  Gb  uffs_pool.o [25]
uffs_PoolFindNextAllocated
                         0x802'f4a3    0x5e  Code  Gb  uffs_pool.o [25]
uffs_PoolGet             0x802'f2eb    0x2c  Code  Gb  uffs_pool.o [25]
uffs_PoolGetBufByIndex   0x802'f34f    0x52  Code  Gb  uffs_pool.o [25]
uffs_PoolGetIndex        0x802'f3a1    0x66  Code  Gb  uffs_pool.o [25]
uffs_PoolInit            0x802'f189    0xf2  Code  Gb  uffs_pool.o [25]
uffs_PoolPut             0x802'f317    0x38  Code  Gb  uffs_pool.o [25]
uffs_PoolRelease         0x802'f2b3    0x38  Code  Gb  uffs_pool.o [25]
uffs_PoolVerify          0x802'f27b    0x38  Code  Gb  uffs_pool.o [25]
uffs_PutAllObjectBuf     0x802'dbb5    0x3c  Code  Gb  uffs_fs.o [25]
uffs_PutDevice           0x802'f801     0xc  Code  Gb  uffs_mtb.o [25]
uffs_PutObject           0x802'dc4b    0x12  Code  Gb  uffs_fs.o [25]
uffs_ReInitObject        0x802'dc19    0x32  Code  Gb  uffs_fs.o [25]
uffs_ReadObject          0x802'e755   0x172  Code  Gb  uffs_fs.o [25]
uffs_ReadPage            0x804'7aeb    0xaa  Code  Lc  uffs_flashif.o [27]
uffs_RegisterMountTable
                         0x802'f501    0x62  Code  Gb  uffs_mtb.o [25]
uffs_RegisterMountTable::dev_num
                        0x2000'a1e0     0x4  Data  Lc  uffs_mtb.o [25]
uffs_ReleaseDevice       0x803'2a5d    0x50  Code  Gb  uffs_init.o [25]
uffs_ReleaseFlash        0x804'7acd     0x4  Code  Lc  uffs_flashif.o [27]
uffs_RenameObject        0x802'f06b   0x11c  Code  Gb  uffs_fs.o [25]
uffs_SeekObject          0x802'e8c7    0x64  Code  Gb  uffs_fs.o [25]
uffs_SemCreate           0x803'2051    0x32  Code  Gb  uffs_rtthread.o [26]
uffs_SemCreate::count   0x2000'a1e4     0x4  Data  Lc  uffs_rtthread.o [26]
uffs_SemDelete           0x803'2097    0x1c  Code  Gb  uffs_rtthread.o [26]
uffs_SemSignal           0x803'208f     0x8  Code  Gb  uffs_rtthread.o [26]
uffs_SemWait             0x803'2083     0xc  Code  Gb  uffs_rtthread.o [26]
uffs_TreeCompareFileName
                         0x803'0883    0x70  Code  Gb  uffs_tree.o [25]
uffs_TreeEraseNode       0x803'0acb    0x60  Code  Gb  uffs_tree.o [25]
uffs_TreeFindBadNodeByBlock
                         0x803'0691    0x1c  Code  Gb  uffs_tree.o [25]
uffs_TreeFindDataNode    0x803'05df    0x54  Code  Gb  uffs_tree.o [25]
uffs_TreeFindDataNodeByBlock
                         0x803'06f3    0x48  Code  Gb  uffs_tree.o [25]
uffs_TreeFindDirNode     0x803'04d5    0x42  Code  Gb  uffs_tree.o [25]
uffs_TreeFindDirNodeByBlock
                         0x803'0633    0x44  Code  Gb  uffs_tree.o [25]
uffs_TreeFindDirNodeByName
                         0x803'07dd    0x82  Code  Gb  uffs_tree.o [25]
uffs_TreeFindDirNodeWithParent
                         0x803'0517    0x44  Code  Gb  uffs_tree.o [25]
uffs_TreeFindErasedNodeByBlock
                         0x803'0677    0x1a  Code  Gb  uffs_tree.o [25]
uffs_TreeFindFileNode    0x803'03ed    0x44  Code  Gb  uffs_tree.o [25]
uffs_TreeFindFileNodeByBlock
                         0x803'06ad    0x46  Code  Gb  uffs_tree.o [25]
uffs_TreeFindFileNodeByName
                         0x803'055b    0x84  Code  Gb  uffs_tree.o [25]
uffs_TreeFindFileNodeWithParent
                         0x803'048f    0x46  Code  Gb  uffs_tree.o [25]
uffs_TreeFindNodeByBlock
                         0x803'073b    0xa2  Code  Gb  uffs_tree.o [25]
uffs_TreeFindSuspendNode
                         0x803'044f    0x18  Code  Gb  uffs_tree.o [25]
uffs_TreeGetErasedNode   0x803'0a71    0x5a  Code  Gb  uffs_tree.o [25]
uffs_TreeGetErasedNodeNoCheck
                         0x803'0a47    0x2a  Code  Lc  uffs_tree.o [25]
uffs_TreeInit            0x802'fc93    0xda  Code  Gb  uffs_tree.o [25]
uffs_TreeInsertToBadBlockList
                         0x803'0ca7    0x20  Code  Gb  uffs_tree.o [25]
uffs_TreeInsertToErasedListTail
                         0x803'0c9d     0xa  Code  Gb  uffs_tree.o [25]
uffs_TreeInsertToErasedListTailEx
                         0x803'0c6f    0x2e  Code  Gb  uffs_tree.o [25]
uffs_TreeProcessPendingBadBlock
                         0x802'fdab    0x64  Code  Lc  uffs_tree.o [25]
uffs_TreeRelease         0x802'fd6d    0x3e  Code  Gb  uffs_tree.o [25]
uffs_TreeRemoveSuspendNode
                         0x803'0467    0x28  Code  Gb  uffs_tree.o [25]
uffs_TreeSuspendAdd      0x803'0431    0x1e  Code  Gb  uffs_tree.o [25]
uffs_UnMount             0x802'f693    0xa2  Code  Gb  uffs_mtb.o [25]
uffs_UnRegisterMountTable
                         0x802'f563    0x62  Code  Gb  uffs_mtb.o [25]
uffs_WriteObject         0x802'e67b    0xd0  Code  Gb  uffs_fs.o [25]
uffs_WritePage           0x804'7b95    0x9c  Code  Lc  uffs_flashif.o [27]
uffs_close               0x804'4f0b    0x9c  Code  Gb  uffs_fd.o [25]
uffs_closedir            0x804'53a3    0x5e  Code  Gb  uffs_fd.o [25]
uffs_crc16sum            0x803'2ae1     0xc  Code  Gb  uffs_crc.o [25]
uffs_crc16update         0x803'2aad    0x2e  Code  Gb  uffs_crc.o [25]
uffs_flush               0x804'5157    0x92  Code  Gb  uffs_fd.o [25]
uffs_format              0x804'560b    0x3e  Code  Gb  uffs_fd.o [25]
uffs_get_error           0x804'4e8b     0x8  Code  Gb  uffs_fd.o [25]
uffs_lstat               0x804'539b     0x8  Code  Gb  uffs_fd.o [25]
uffs_mkdir               0x804'5555    0x5a  Code  Gb  uffs_fd.o [25]
uffs_open                0x804'4e9d    0x6e  Code  Gb  uffs_fd.o [25]
uffs_opendir             0x804'5401    0x76  Code  Gb  uffs_fd.o [25]
uffs_read                0x804'4fa7    0x90  Code  Gb  uffs_fd.o [25]
uffs_readdir             0x804'5477    0x8c  Code  Gb  uffs_fd.o [25]
uffs_remove              0x804'521f    0x5c  Code  Gb  uffs_fd.o [25]
uffs_rename              0x804'51e9    0x36  Code  Gb  uffs_fd.o [25]
uffs_result_to_dfs       0x804'7351    0x86  Code  Lc  dfs_uffs.o [27]
uffs_rewinddir           0x804'5503    0x40  Code  Gb  uffs_fd.o [25]
uffs_rmdir               0x804'55af    0x5c  Code  Gb  uffs_fd.o [25]
uffs_seek                0x804'50c7    0x90  Code  Gb  uffs_fd.o [25]
uffs_seekdir             0x804'77e5    0x24  Code  Gb  dfs_uffs.o [27]
uffs_set_error           0x804'4e93     0xa  Code  Gb  uffs_fd.o [25]
uffs_stat                0x804'5307    0x94  Code  Gb  uffs_fd.o [25]
uffs_write               0x804'5037    0x90  Code  Gb  uffs_fd.o [25]
ulog                     0x805'192d    0x4e  Code  Lc  app_ulog.o [6]
ulog                    0x2000'82cc   0x274  Data  Lc  ulog.o [38]
ulog_backend_register    0x802'3d49    0x86  Code  Gb  ulog.o [38]
ulog_backend_register::__FUNCTION__
                         0x805'b340    0x18  Data  Lc  ulog.o [38]
ulog_be_lvl              0x802'3b3f    0x48  Code  Lc  ulog.o [38]
ulog_be_lvl_filter_set   0x802'391d    0x58  Code  Gb  ulog.o [38]
ulog_console_backend_init
                         0x802'7011    0x18  Code  Gb  console_be.o [39]
ulog_console_backend_output
                         0x802'6ff1    0x20  Code  Gb  console_be.o [39]
ulog_filter              0x802'3c79    0xd0  Code  Lc  ulog.o [38]
ulog_float               0x805'3b0d    0x5e  Code  Lc  msh_debug.o [8]
ulog_formater::__FUNCTION__
                         0x805'd880    0x10  Data  Lc  ulog.o [38]
ulog_formater::fmt_result
                        0x2000'a1fc     0x4  Data  Lc  ulog.o [38]
ulog_formater::log_len  0x2000'a1f8     0x4  Data  Lc  ulog.o [38]
ulog_global_filter_kw_get
                         0x802'3b0d     0x6  Code  Gb  ulog.o [38]
ulog_global_filter_kw_set
                         0x802'3ae7    0x26  Code  Gb  ulog.o [38]
ulog_global_filter_kw_set::__FUNCTION__
                         0x805'a4c0    0x1c  Data  Lc  ulog.o [38]
ulog_global_filter_lvl_get
                         0x802'3ab3     0xa  Code  Gb  ulog.o [38]
ulog_global_filter_lvl_set
                         0x802'3a91    0x22  Code  Gb  ulog.o [38]
ulog_global_filter_lvl_set::__FUNCTION__
                         0x805'a46c    0x1c  Data  Lc  ulog.o [38]
ulog_global_filter_tag_get
                         0x802'3ae1     0x6  Code  Gb  ulog.o [38]
ulog_global_filter_tag_set
                         0x802'3abd    0x24  Code  Gb  ulog.o [38]
ulog_global_filter_tag_set::__FUNCTION__
                         0x805'a4a4    0x1c  Data  Lc  ulog.o [38]
ulog_head_formater::__FUNCTION__
                         0x805'c410    0x14  Data  Lc  ulog.o [38]
ulog_head_formater::log_len
                        0x2000'a1ec     0x4  Data  Lc  ulog.o [38]
ulog_head_formater{5}::tick_len
                        0x2000'a1f0     0x4  Data  Lc  ulog.o [38]
ulog_hex_formater::__FUNCTION__
                         0x805'c438    0x14  Data  Lc  ulog.o [38]
ulog_hex_formater::fmt_result
                        0x2000'a208     0x4  Data  Lc  ulog.o [38]
ulog_hex_formater::j    0x2000'a204     0x4  Data  Lc  ulog.o [38]
ulog_hex_formater::log_len
                        0x2000'a200     0x4  Data  Lc  ulog.o [38]
ulog_hexdump             0x802'38c9    0x54  Code  Gb  ulog.o [38]
ulog_init                0x802'3dcf    0x3c  Code  Gb  ulog.o [38]
ulog_kw                  0x802'3c45    0x30  Code  Lc  ulog.o [38]
ulog_lvl                 0x802'3bd1    0x44  Code  Lc  ulog.o [38]
ulog_output              0x802'38a5    0x20  Code  Gb  ulog.o [38]
ulog_output_to_all_backend
                         0x802'362b    0xec  Code  Lc  ulog.o [38]
ulog_strcpy              0x802'3525    0x4a  Code  Gb  ulog.o [38]
ulog_strcpy::__FUNCTION__
                         0x805'e7d0     0xc  Data  Lc  ulog.o [38]
ulog_table              0x2000'0000    0x78  Data  Lc  app_ulog.o [6]
ulog_tag                 0x802'3c15    0x30  Code  Lc  ulog.o [38]
ulog_tag_lvl             0x802'3b89    0x48  Code  Lc  ulog.o [38]
ulog_tag_lvl_filter_get
                         0x802'3a39    0x4e  Code  Gb  ulog.o [38]
ulog_tag_lvl_filter_set
                         0x802'3979    0xc0  Code  Gb  ulog.o [38]
ulog_tag_lvl_list_get    0x802'3a87     0x6  Code  Gb  ulog.o [38]
ulog_tail_formater::__FUNCTION__
                         0x805'c424    0x14  Data  Lc  ulog.o [38]
ulog_tail_formater::newline_len
                        0x2000'a1f4     0x4  Data  Lc  ulog.o [38]
ulog_ultoa               0x802'356f    0x42  Code  Gb  ulog.o [38]
ulog_voutput             0x802'3761   0x144  Code  Gb  ulog.o [38]
ulog_voutput::__FUNCTION__
                         0x805'd890    0x10  Data  Lc  ulog.o [38]
ulog_voutput::log_len   0x2000'a210     0x4  Data  Lc  ulog.o [38]
ulog_voutput::ulog_voutput_recursion
                        0x2000'a20c     0x4  Data  Lc  ulog.o [38]
unlink                   0x802'd831    0x18  Code  Gb  dfs_posix.o [28]
update                   0x803'3df1    0x22  Code  Lc  cJSON.o [19]
upgrade                  0x803'f081    0x3e  Code  Gb  upgrade.o [15]
upgrade_app              0x803'ee5f   0x208  Code  Gb  upgrade.o [15]
upgrade_app::__func__    0x805'e7f4     0xc  Data  Lc  upgrade.o [15]
upgrade_init             0x803'ee09    0x56  Code  Gb  upgrade.o [15]
urc_table                0x805'7fc4    0x24  Data  Lc  bg77.o [2]
urc_table                0x805'5b98    0x3c  Data  Lc  esp.o [4]
usage_fault_track        0x802'769d    0x62  Code  Lc  cpuport.o [42]
user_alarm_callback      0x805'1355     0xa  Code  Gb  msh_board.o [8]
ustr2hex                 0x804'130d    0x22  Code  Gb  ustring.o [14]
ustrhextostr             0x804'132f    0x36  Code  Gb  ustring.o [14]
ustrhextostr::digits     0x805'c474    0x14  Data  Lc  ustring.o [14]
utest_assert             0x804'a02b    0x5e  Code  Gb  utest.o [40]
utest_handle_get         0x804'a00d     0x4  Code  Gb  utest.o [40]
utest_help               0x804'9ba7    0xb4  Code  Lc  utest.o [40]
utest_init               0x804'9aad    0x72  Code  Gb  utest.o [40]
utest_log_lv            0x2000'0549     0x1  Data  Lc  utest.o [40]
utest_run                0x804'9c61   0x2d4  Code  Lc  utest.o [40]
utest_tc_cleanup         0x805'508d     0x4  Code  Lc  utext_adc.o [9]
utest_tc_cleanup         0x805'50d5     0x4  Code  Lc  utext_bg77.o [9]
utest_tc_cleanup         0x805'511d     0x4  Code  Lc  utext_ble.o [9]
utest_tc_cleanup         0x805'49ef     0x4  Code  Lc  utext_flash.o [9]
utest_tc_cleanup         0x805'5165     0x4  Code  Lc  utext_led.o [9]
utest_tc_cleanup         0x805'51ad     0x4  Code  Lc  utext_lsm6d.o [9]
utest_tc_cleanup         0x805'51f5     0x4  Code  Lc  utext_wifi.o [9]
utest_tc_init            0x805'5089     0x4  Code  Lc  utext_adc.o [9]
utest_tc_init            0x805'50d1     0x4  Code  Lc  utext_bg77.o [9]
utest_tc_init            0x805'5119     0x4  Code  Lc  utext_ble.o [9]
utest_tc_init            0x805'49eb     0x4  Code  Lc  utext_flash.o [9]
utest_tc_init            0x805'5161     0x4  Code  Lc  utext_led.o [9]
utest_tc_init            0x805'51a9     0x4  Code  Lc  utext_lsm6d.o [9]
utest_tc_init            0x805'51f1     0x4  Code  Lc  utext_wifi.o [9]
utest_tc_list            0x804'9b1f    0x52  Code  Lc  utest.o [40]
utest_testcase_run       0x804'9f35    0xd8  Code  Lc  utest.o [40]
utest_testcase_run::__func__
                         0x805'c4b0    0x14  Data  Lc  utest.o [40]
utest_testcase_run::utest_name
                        0x2000'9ad8    0x80  Data  Lc  utest.o [40]
utest_unit_run           0x804'a011    0x1a  Code  Gb  utest.o [40]
uwTick                  0x2000'a1b0     0x4  Data  Gb  stm32u5xx_hal.o [18]
uwTickPrio              0x2000'04a0     0x4  Data  Gb  stm32u5xx_hal.o [18]
version                  0x802'8c6f     0xa  Code  Gb  cmd.o [35]
vsnprintf                0x802'8485    0x3c  Code  Gb  vsnprint.o [44]
wifiset_analy            0x803'db8d    0xde  Code  Gb  smart_analy.o [13]
wifiset_analy::__func__
                         0x805'd5b0    0x10  Data  Lc  smart_analy.o [13]
working_directory       0x2000'0088   0x100  Data  Gb  dfs.o [28]
write                    0x802'd777    0x34  Code  Gb  dfs_posix.o [28]


[1] = D:\Xiao_Tian_Ling\coolSrc_rong2\coolSrc\prj\Debug\Obj\app
[2] = D:\Xiao_Tian_Ling\coolSrc_rong2\coolSrc\prj\Debug\Obj\app\at_client\bg77
[3] = D:\Xiao_Tian_Ling\coolSrc_rong2\coolSrc\prj\Debug\Obj\app\at_client\common
[4] = D:\Xiao_Tian_Ling\coolSrc_rong2\coolSrc\prj\Debug\Obj\app\at_client\esp
[5] = D:\Xiao_Tian_Ling\coolSrc_rong2\coolSrc\prj\Debug\Obj\app\business
[6] = D:\Xiao_Tian_Ling\coolSrc_rong2\coolSrc\prj\Debug\Obj\app\hci\common
[7] = D:\Xiao_Tian_Ling\coolSrc_rong2\coolSrc\prj\Debug\Obj\app\hci\ittes
[8] = D:\Xiao_Tian_Ling\coolSrc_rong2\coolSrc\prj\Debug\Obj\app\hci\msh
[9] = D:\Xiao_Tian_Ling\coolSrc_rong2\coolSrc\prj\Debug\Obj\app\hci\utest
[10] = D:\Xiao_Tian_Ling\coolSrc_rong2\coolSrc\prj\Debug\Obj\app\oam
[11] = D:\Xiao_Tian_Ling\coolSrc_rong2\coolSrc\prj\Debug\Obj\app\oam\lan
[12] = D:\Xiao_Tian_Ling\coolSrc_rong2\coolSrc\prj\Debug\Obj\app\oam\service
[13] = D:\Xiao_Tian_Ling\coolSrc_rong2\coolSrc\prj\Debug\Obj\app\oam\smart
[14] = D:\Xiao_Tian_Ling\coolSrc_rong2\coolSrc\prj\Debug\Obj\app\public
[15] = D:\Xiao_Tian_Ling\coolSrc_rong2\coolSrc\prj\Debug\Obj\app\system
[16] = D:\Xiao_Tian_Ling\coolSrc_rong2\coolSrc\prj\Debug\Obj\bsp\drivers
[17] = D:\Xiao_Tian_Ling\coolSrc_rong2\coolSrc\prj\Debug\Obj\bsp\libraries\CMSIS
[18] = D:\Xiao_Tian_Ling\coolSrc_rong2\coolSrc\prj\Debug\Obj\bsp\libraries\STM32U5xx_HAL_Driver\src
[19] = D:\Xiao_Tian_Ling\coolSrc_rong2\coolSrc\prj\Debug\Obj\packages\cJSON
[20] = D:\Xiao_Tian_Ling\coolSrc_rong2\coolSrc\prj\Debug\Obj\packages\easyblink-v2.0.1
[21] = D:\Xiao_Tian_Ling\coolSrc_rong2\coolSrc\prj\Debug\Obj\packages\i2c-tools
[22] = D:\Xiao_Tian_Ling\coolSrc_rong2\coolSrc\prj\Debug\Obj\packages\quick_led-latest
[23] = D:\Xiao_Tian_Ling\coolSrc_rong2\coolSrc\prj\Debug\Obj\packages\syswatch\src
[24] = D:\Xiao_Tian_Ling\coolSrc_rong2\coolSrc\prj\Debug\Obj\rt-thread[5.0.1]\components\dfs\filesystems\devfs
[25] = D:\Xiao_Tian_Ling\coolSrc_rong2\coolSrc\prj\Debug\Obj\rt-thread[5.0.1]\components\dfs\filesystems\uffs\src\uffs
[26] = D:\Xiao_Tian_Ling\coolSrc_rong2\coolSrc\prj\Debug\Obj\rt-thread[5.0.1]\components\dfs\filesystems\uffs\storage
[27] = D:\Xiao_Tian_Ling\coolSrc_rong2\coolSrc\prj\Debug\Obj\rt-thread[5.0.1]\components\dfs\filesystems\uffs\storage\nor
[28] = D:\Xiao_Tian_Ling\coolSrc_rong2\coolSrc\prj\Debug\Obj\rt-thread[5.0.1]\components\dfs\src
[29] = D:\Xiao_Tian_Ling\coolSrc_rong2\coolSrc\prj\Debug\Obj\rt-thread[5.0.1]\components\drivers\i2c
[30] = D:\Xiao_Tian_Ling\coolSrc_rong2\coolSrc\prj\Debug\Obj\rt-thread[5.0.1]\components\drivers\ipc
[31] = D:\Xiao_Tian_Ling\coolSrc_rong2\coolSrc\prj\Debug\Obj\rt-thread[5.0.1]\components\drivers\misc
[32] = D:\Xiao_Tian_Ling\coolSrc_rong2\coolSrc\prj\Debug\Obj\rt-thread[5.0.1]\components\drivers\pm
[33] = D:\Xiao_Tian_Ling\coolSrc_rong2\coolSrc\prj\Debug\Obj\rt-thread[5.0.1]\components\drivers\rtc
[34] = D:\Xiao_Tian_Ling\coolSrc_rong2\coolSrc\prj\Debug\Obj\rt-thread[5.0.1]\components\drivers\serial
[35] = D:\Xiao_Tian_Ling\coolSrc_rong2\coolSrc\prj\Debug\Obj\rt-thread[5.0.1]\components\finsh
[36] = D:\Xiao_Tian_Ling\coolSrc_rong2\coolSrc\prj\Debug\Obj\rt-thread[5.0.1]\components\libc\common
[37] = D:\Xiao_Tian_Ling\coolSrc_rong2\coolSrc\prj\Debug\Obj\rt-thread[5.0.1]\components\libc\dlib
[38] = D:\Xiao_Tian_Ling\coolSrc_rong2\coolSrc\prj\Debug\Obj\rt-thread[5.0.1]\components\utilities\ulog
[39] = D:\Xiao_Tian_Ling\coolSrc_rong2\coolSrc\prj\Debug\Obj\rt-thread[5.0.1]\components\utilities\ulog\backend
[40] = D:\Xiao_Tian_Ling\coolSrc_rong2\coolSrc\prj\Debug\Obj\rt-thread[5.0.1]\components\utilities\utest
[41] = D:\Xiao_Tian_Ling\coolSrc_rong2\coolSrc\prj\Debug\Obj\rt-thread[5.0.1]\components\utilities\ymodem
[42] = D:\Xiao_Tian_Ling\coolSrc_rong2\coolSrc\prj\Debug\Obj\rt-thread[5.0.1]\libcpu\arm
[43] = D:\Xiao_Tian_Ling\coolSrc_rong2\coolSrc\prj\Debug\Obj\rt-thread[5.0.1]\src
[44] = dl7M_tlf.a
[45] = m7M_tls.a
[46] = rt7M_tl.a

  203'828 bytes of readonly  code memory
   56'606 bytes of readonly  data memory
   42'552 bytes of readwrite data memory

Errors: none
Warnings: none
